******************************************************************************
                  TI ARM Linker PC v15.12.3                    
******************************************************************************
>> Linked Sat Oct 20 22:30:15 2018

OUTPUT FILE NAME:   <blink.out>
ENTRY POINT SYMBOL: "_c_int00"  address: 00003c21


MEMORY CONFIGURATION

         name            origin    length      used     unused   attr    fill
----------------------  --------  ---------  --------  --------  ----  --------
  FLASH                 00000000   00040000  000067a4  0003985c  R  X
  SRAM                  20000000   00008000  00000f10  000070f0  RW X


SEGMENT ALLOCATION MAP

run origin  load origin   length   init length attrs members
----------  ----------- ---------- ----------- ----- -------
00000000    00000000    000067a4   000067a4    r-x
  00000000    00000000    0000026c   0000026c    r-- .intvecs
  0000026c    0000026c    00003e04   00003e04    r-x .text
  00004070    00004070    00002110   00002110    r-- .const
  00006180    00006180    00000624   00000624    r-- .cinit
20000000    20000000    00000f10   00000000    rw-
  20000000    20000000    0000026c   00000000    rw- .vtable
  2000026c    2000026c    00000aa4   00000000    rw- .data
  20000d10    20000d10    00000200   00000000    rw- .stack


SECTION ALLOCATION MAP

 output                                  attributes/
section   page    origin      length       input sections
--------  ----  ----------  ----------   ----------------
.intvecs   0    00000000    0000026c     
                  00000000    0000026c     startup_ccs.obj (.intvecs)

.text      0    0000026c    00003e04     
                  0000026c    00001900     harmonicDisplay.obj (.text)
                  00001b6c    000009ac     rtsv7M4_T_le_v4SPD16_eabi.lib : e_pow.obj (.text)
                  00002518    00000540     LCDDisplay.obj (.text)
                  00002a58    00000244     page.obj (.text)
                  00002c9c    000001b6     rtsv7M4_T_le_v4SPD16_eabi.lib : fd_add_t2.obj (.text)
                  00002e52    00000002                                   : mpu_init.obj (.text)
                  00002e54    00000170                                   : e_sqrt.obj (.text)
                  00002fc4    00000136                                   : fd_div_t2.obj (.text)
                  000030fa    00000132     driverlib.lib : gpio.obj (.text:GPIOPadConfigSet)
                  0000322c    00000110                   : sysctl.obj (.text:SysCtlClockGet)
                  0000333c    000000fc     rtsv7M4_T_le_v4SPD16_eabi.lib : fd_mul_t2.obj (.text)
                  00003438    000000fc                                   : s_scalbn.obj (.text)
                  00003534    000000f4     driverlib.lib : sysctl.obj (.text:SysCtlClockSet)
                  00003628    000000dc     refresh.obj (.text)
                  00003704    0000009c     rtsv7M4_T_le_v4SPD16_eabi.lib : memcpy_t2.obj (.text)
                  000037a0    00000086                                   : fd_cmp_t2.obj (.text:__aeabi_cdcmple)
                  00003826    00000086                                   : fd_cmp_t2.obj (.text:__aeabi_cdrcmple)
                  000038ac    00000080                                   : s_floorf.obj (.text)
                  0000392c    0000007a                                   : memset_t2.obj (.text)
                  000039a6    00000002                                   : startup.obj (.text)
                  000039a8    00000070                                   : autoinit.obj (.text)
                  00003a18    0000006e                                   : fd_tos_t2.obj (.text)
                  00003a86    0000006e                                   : s_roundf.obj (.text)
                  00003af4    0000006a                                   : copy_decompress_rle.obj (.text)
                  00003b5e    00000002     --HOLE-- [fill = 0]
                  00003b60    00000068     driverlib.lib : interrupt.obj (.text:IntEnable)
                  00003bc8    00000056                   : gpio.obj (.text:GPIOIntTypeSet)
                  00003c1e    00000002     --HOLE-- [fill = 0]
                  00003c20    00000054     rtsv7M4_T_le_v4SPD16_eabi.lib : boot.obj (.text)
                  00003c74    00000054                                   : exit.obj (.text)
                  00003cc8    0000004c                                   : cpy_tbl.obj (.text)
                  00003d14    00000048     driverlib.lib : gpio.obj (.text:GPIOPinConfigure)
                  00003d5c    00000044                   : gpio.obj (.text:_GPIOIntNumberGet)
                  00003da0    0000003c                   : ssi.obj (.text:SSIConfigSetExpClk)
                  00003ddc    00000038     rtsv7M4_T_le_v4SPD16_eabi.lib : fs_tod_t2.obj (.text)
                  00003e14    00000034     driverlib.lib : interrupt.obj (.text:IntRegister)
                  00003e48    00000034                   : sysctl.obj (.text:SysCtlPeripheralEnable)
                  00003e7c    00000030     rtsv7M4_T_le_v4SPD16_eabi.lib : strncpy.obj (.text)
                  00003eac    0000002e                                   : i_tofd_t2.obj (.text)
                  00003eda    0000002a     driverlib.lib : gpio.obj (.text:GPIODirModeSet)
                  00003f04    0000001c                   : systick.obj (.text:SysTickIntRegister)
                  00003f20    00000018     main.obj (.text)
                  00003f38    00000018     driverlib.lib : gpio.obj (.text:GPIOIntRegister)
                  00003f50    00000018                   : gpio.obj (.text:GPIOPinTypeGPIOOutput)
                  00003f68    00000018     rtsv7M4_T_le_v4SPD16_eabi.lib : args_main.obj (.text)
                  00003f80    00000014     driverlib.lib : systick.obj (.text:SysTickEnable)
                  00003f94    00000014     rtsv7M4_T_le_v4SPD16_eabi.lib : _lock.obj (.text)
                  00003fa8    00000014                                   : s_copysign.obj (.text)
                  00003fbc    00000014                                   : strlen.obj (.text)
                  00003fd0    00000012     driverlib.lib : gpio.obj (.text:GPIOPinTypeGPIOInput)
                  00003fe2    00000012                   : gpio.obj (.text:GPIOPinTypeSSI)
                  00003ff4    00000010                   : systick.obj (.text:SysTickPeriodSet)
                  00004004    0000000e                   : gpio.obj (.text:GPIOIntStatus)
                  00004012    0000000e     rtsv7M4_T_le_v4SPD16_eabi.lib : copy_decompress_none.obj (.text:decompress:none)
                  00004020    0000000c     driverlib.lib : gpio.obj (.text:GPIOIntEnable)
                  0000402c    0000000c     startup_ccs.obj (.text)
                  00004038    0000000a     driverlib.lib : ssi.obj (.text:SSIDataPut)
                  00004042    0000000a                   : ssi.obj (.text:SSIEnable)
                  0000404c    00000008                   : ssi.obj (.text:SSIBusy)
                  00004054    00000006                   : gpio.obj (.text:GPIOIntClear)
                  0000405a    00000006                   : gpio.obj (.text:GPIOPinWrite)
                  00004060    00000006                   : sysctl.obj (.text:SysCtlDelay)
                  00004066    00000006     rtsv7M4_T_le_v4SPD16_eabi.lib : copy_decompress_rle.obj (.text:decompress:rle24)
                  0000406c    00000004                                   : pre_init.obj (.text)

.const     0    00004070    00002110     
                  00004070    00000d5c     harmonicDisplay.obj (.const:asc2_2412)
                  00004dcc    000005f0     harmonicDisplay.obj (.const:.string:Ascii)
                  000053bc    000005f0     harmonicDisplay.obj (.const:asc2_1608)
                  000059ac    00000474     harmonicDisplay.obj (.const:asc2_1206)
                  00005e20    000000d8     driverlib.lib : gpio.obj (.const:g_ppui32GPIOIntMapSnowflake)
                  00005ef8    000000c0                   : gpio.obj (.const:g_ppui32GPIOIntMapBlizzard)
                  00005fb8    00000090                   : gpio.obj (.const:g_pui32GPIOBaseAddrs)
                  00006048    00000070                   : interrupt.obj (.const)
                  000060b8    0000006c                   : sysctl.obj (.const:g_pui32Xtals)
                  00006124    00000004     --HOLE-- [fill = 0]
                  00006128    00000030     rtsv7M4_T_le_v4SPD16_eabi.lib : e_pow.obj (.const:$O1$$)
                  00006158    00000028     harmonicDisplay.obj (.const:$P$T0$2)

.cinit     0    00006180    00000624     
                  00006180    000005fe     (.cinit..data.load) [load image, compression = rle]
                  0000677e    00000002     --HOLE-- [fill = 0]
                  00006780    0000000b     (.cinit..vtable.load) [load image, compression = rle]
                  0000678b    00000001     --HOLE-- [fill = 0]
                  0000678c    00000008     (__TI_handler_table)
                  00006794    00000010     (__TI_cinit_table)

.init_array 
*          0    00000000    00000000     UNINITIALIZED

.vtable    0    20000000    0000026c     UNINITIALIZED
                  20000000    0000026c     driverlib.lib : interrupt.obj (.vtable)

.data      0    2000026c    00000aa4     UNINITIALIZED
                  2000026c    00000400     harmonicDisplay.obj (.data:GRAM)
                  2000066c    00000080     LCDDisplay.obj (.data:BPHD)
                  200006ec    00000080     LCDDisplay.obj (.data:DYPC)
                  2000076c    00000080     LCDDisplay.obj (.data:Iter)
                  200007ec    00000080     LCDDisplay.obj (.data:TF)
                  2000086c    00000080     LCDDisplay.obj (.data:TO)
                  200008ec    00000080     LCDDisplay.obj (.data:TT)
                  2000096c    00000080     LCDDisplay.obj (.data:TZ)
                  200009ec    00000080     LCDDisplay.obj (.data:Tf_1)
                  20000a6c    00000060     LCDDisplay.obj (.data:XDL)
                  20000acc    00000060     LCDDisplay.obj (.data:XDY)
                  20000b2c    00000060     LCDDisplay.obj (.data:event_1)
                  20000b8c    00000060     LCDDisplay.obj (.data:event_2)
                  20000bec    00000060     LCDDisplay.obj (.data:event_3)
                  20000c4c    00000040     LCDDisplay.obj (.data:PL)
                  20000c8c    00000040     LCDDisplay.obj (.data:Tf_2)
                  20000ccc    0000000c     rtsv7M4_T_le_v4SPD16_eabi.lib : exit.obj (.data:$O1$$)
                  20000cd8    0000000c     LCDDisplay.obj (.data)
                  20000ce4    0000000c     harmonicDisplay.obj (.data)
                  20000cf0    0000000c     refresh.obj (.data)
                  20000cfc    00000008     rtsv7M4_T_le_v4SPD16_eabi.lib : _lock.obj (.data:$O1$$)
                  20000d04    00000004     page.obj (.data)
                  20000d08    00000004     rtsv7M4_T_le_v4SPD16_eabi.lib : errno.obj (.data)
                  20000d0c    00000004                                   : stkdepth_vars.obj (.data)

.stack     0    20000d10    00000200     UNINITIALIZED
                  20000d10    00000200     --HOLE--

MODULE SUMMARY

       Module                     code    ro data   rw data
       ------                     ----    -------   -------
    .\
       harmonicDisplay.obj        6400    7640      1036   
       LCDDisplay.obj             1344    0         1644   
       startup_ccs.obj            12      620       0      
       page.obj                   580     0         4      
       refresh.obj                220     0         12     
       main.obj                   24      0         0      
    +--+--------------------------+-------+---------+---------+
       Total:                     8580    8260      2696   
                                                           
    C:/ti/TivaWare_C_Series-2.1.4.178/driverlib/ccs/Debug/driverlib.lib
       gpio.obj                   696     552       0      
       interrupt.obj              156     112       620    
       sysctl.obj                 574     108       0      
       ssi.obj                    88      0         0      
       systick.obj                64      0         0      
    +--+--------------------------+-------+---------+---------+
       Total:                     1578    772       620    
                                                           
    C:\ti\ccsv6\tools\compiler\arm_15.12.3.LTS\lib\rtsv7M4_T_le_v4SPD16_eabi.lib
       e_pow.obj                  2476    48        0      
       fd_add_t2.obj              438     0         0      
       e_sqrt.obj                 368     0         0      
       fd_div_t2.obj              310     0         0      
       fd_cmp_t2.obj              268     0         0      
       fd_mul_t2.obj              252     0         0      
       s_scalbn.obj               252     0         0      
       memcpy_t2.obj              156     0         0      
       s_floorf.obj               128     0         0      
       memset_t2.obj              122     0         0      
       autoinit.obj               112     0         0      
       copy_decompress_rle.obj    112     0         0      
       fd_tos_t2.obj              110     0         0      
       s_roundf.obj               110     0         0      
       exit.obj                   84      0         12     
       boot.obj                   84      0         0      
       cpy_tbl.obj                76      0         0      
       fs_tod_t2.obj              56      0         0      
       strncpy.obj                48      0         0      
       i_tofd_t2.obj              46      0         0      
       _lock.obj                  20      0         8      
       args_main.obj              24      0         0      
       s_copysign.obj             20      0         0      
       strlen.obj                 20      0         0      
       copy_decompress_none.obj   14      0         0      
       errno.obj                  0       0         4      
       pre_init.obj               4       0         0      
       stkdepth_vars.obj          0       0         4      
       mpu_init.obj               2       0         0      
       startup.obj                2       0         0      
    +--+--------------------------+-------+---------+---------+
       Total:                     5714    48        28     
                                                           
       Stack:                     0       0         512    
       Linker Generated:          0       1569      0      
    +--+--------------------------+-------+---------+---------+
       Grand Total:               15872   10649     3856   


LINKER GENERATED COPY TABLES

__TI_cinit_table @ 00006794 records: 2, size/record: 8, table size: 16
	.data: load addr=00006180, load size=000005fe bytes, run addr=2000026c, run size=00000aa4 bytes, compression=rle
	.vtable: load addr=00006780, load size=0000000b bytes, run addr=20000000, run size=0000026c bytes, compression=rle


LINKER GENERATED HANDLER TABLE

__TI_handler_table @ 0000678c records: 2, size/record: 4, table size: 8
	index: 0, handler: __TI_decompress_rle24
	index: 1, handler: __TI_decompress_none


GLOBAL SYMBOLS: SORTED ALPHABETICALLY BY Name 

address   name                           
-------   ----                           
00004dcc  Ascii                          
2000066c  BPHD                           
00003c75  C$$EXIT                        
20000cf4  D3_Counter                     
20000cf0  D4_Counter                     
200006ec  DYPC                           
000015eb  Float2Str                      
00003edb  GPIODirModeSet                 
00004055  GPIOIntClear                   
00004021  GPIOIntEnable                  
00003f39  GPIOIntRegister                
00004005  GPIOIntStatus                  
00003bc9  GPIOIntTypeSet                 
000030fb  GPIOPadConfigSet               
00003d15  GPIOPinConfigure               
00003fd1  GPIOPinTypeGPIOInput           
00003f51  GPIOPinTypeGPIOOutput          
00003fe3  GPIOPinTypeSSI                 
0000405b  GPIOPinWrite                   
2000026c  GRAM                           
0000178d  Int2Str                        
00003b61  IntEnable                      
00003e15  IntRegister                    
20000cdc  Iphase                         
2000076c  Iter                           
00002a59  Key1IntHandler                 
00002ab1  Key2IntHandler                 
00002aef  Key3IntHandler                 
00002b25  KeyConfigure                   
00003629  LED                            
000036cb  LEDFlash                       
0000364b  LEDIntHandler                  
20000c4c  PL                             
0000402d  ResetISR                       
UNDEFED   SHT$$INIT_ARRAY$$Base          
UNDEFED   SHT$$INIT_ARRAY$$Limit         
0000404d  SSIBusy                        
00003da1  SSIConfigSetExpClk             
00004039  SSIDataPut                     
00004043  SSIEnable                      
0000322d  SysCtlClockGet                 
00003535  SysCtlClockSet                 
00004061  SysCtlDelay                    
00003e49  SysCtlPeripheralEnable         
00003f81  SysTickEnable                  
00003f05  SysTickIntRegister             
00003ff5  SysTickPeriodSet               
200007ec  TF                             
2000086c  TO                             
200008ec  TT                             
2000096c  TZ                             
200009ec  Tf_1                           
20000c8c  Tf_2                           
00001137  UC1701AddressSet               
00001567  UC1701AllPixelOnDisable        
0000155d  UC1701AllPixelOnEnable         
000015af  UC1701BRSet                    
00001311  UC1701CharDispaly              
00001365  UC1701ChineseDispaly           
000014eb  UC1701Clear                    
00001097  UC1701CmdWrite                 
000015d7  UC1701ComDirSet                
00001055  UC1701DataWrite                
0000117b  UC1701Dispaly                  
0000144d  UC1701DisplayN                 
0000157b  UC1701DisplayOff               
00001571  UC1701DisplayOn                
000010d9  UC1701DoubleCmdWrite           
00000fa5  UC1701Init                     
00001555  UC1701InverseDisable           
00001241  UC1701InverseDispaly           
0000154d  UC1701InverseEnable            
0000159d  UC1701PMSet                    
00001585  UC1701ScrollLineSet            
000015c3  UC1701SegDirSet                
20000cd8  Uphase                         
20000a6c  XDL                            
20000acc  XDY                            
20000f10  __STACK_END                    
00000200  __STACK_SIZE                   
20000f10  __STACK_TOP                    
00006794  __TI_CINIT_Base                
000067a4  __TI_CINIT_Limit               
0000678c  __TI_Handler_Table_Base        
00006794  __TI_Handler_Table_Limit       
000039a9  __TI_auto_init                 
20000ccc  __TI_cleanup_ptr               
00004013  __TI_decompress_none           
00004067  __TI_decompress_rle24          
20000cd0  __TI_dtors_ptr                 
20000cd4  __TI_enable_exit_profile_output
ffffffff  __TI_pprof_out_hndl            
ffffffff  __TI_prof_data_size            
ffffffff  __TI_prof_data_start           
00000000  __TI_static_base__             
000037a1  __aeabi_cdcmpeq                
000037a1  __aeabi_cdcmple                
00003827  __aeabi_cdrcmple               
00003a19  __aeabi_d2f                    
00002ca7  __aeabi_dadd                   
00002fc5  __aeabi_ddiv                   
0000333d  __aeabi_dmul                   
00002c9d  __aeabi_dsub                   
00003ddd  __aeabi_f2d                    
00003ead  __aeabi_i2d                    
0000392d  __aeabi_memclr                 
0000392d  __aeabi_memclr4                
0000392d  __aeabi_memclr8                
00003705  __aeabi_memcpy                 
00003705  __aeabi_memcpy4                
00003705  __aeabi_memcpy8                
0000392f  __aeabi_memset                 
0000392f  __aeabi_memset4                
0000392f  __aeabi_memset8                
ffffffff  __binit__                      
ffffffff  __c_args__                     
00002e53  __mpu_init                     
20000d10  __stack                        
00003f69  _args_main                     
00003c21  _c_int00                       
20000cfc  _lock                          
00003fa3  _nop                           
00003f9b  _register_lock                 
00003f95  _register_unlock               
000039a7  _system_post_cinit             
0000406d  _system_pre_init               
20000d00  _unlock                        
00003c79  abort                          
000059ac  asc2_1206                      
000053bc  asc2_1608                      
00004070  asc2_2412                      
ffffffff  binit                          
00003cc9  copy_in                        
00003fa9  copysign                       
00003fa9  copysignl                      
20000d08  errno                          
20000b2c  event_1                        
20000b8c  event_2                        
20000bec  event_3                        
00003c81  exit                           
20000cf8  flag                           
000038ad  floorf                         
20000ce0  fre                            
20000ce4  g_first_data_displayer         
20000000  g_pfnRAMVectors                
00000000  g_pfnVectors                   
20000ce8  inverse_factor                 
00002c09  key                            
00003439  ldexp                          
00003439  ldexpl                         
00003f21  main                           
20000d0c  main_func_sp                   
00003705  memcpy                         
00003935  memset                         
20000d04  page                           
00001b6d  pow                            
00001b6d  powl                           
00002925  prifloat                       
00003a87  roundf                         
00003439  scalbn                         
00003439  scalbnl                        
00002559  screen11                       
000025e5  screen12                       
00002671  screen13                       
000026ff  screen14                       
000027ad  screen21                       
00002861  screen22                       
000028c1  screen23                       
00001aeb  screen_harmonic                
00002e55  sqrt                           
00002e55  sqrtl                          
00003fbd  strlen                         
00003e7d  strncpy                        
00002519  test                           
0000026d  uiDataDisplayerInit            
000002db  uiDataDisplayerRefresh         
000003a5  uiDataDisplayersRefresh        
000003d1  uiDisplayClear                 
0000080d  uiDisplayDrawBlock             
00000b49  uiDisplayDrawCircle            
000007a9  uiDisplayDrawFrame             
00000549  uiDisplayDrawLine              
000004b9  uiDisplayDrawPoint             
000009a9  uiDisplayEraseBlock            
000004fd  uiDisplayErasePoint            
000003c1  uiDisplayInit                  
00000c9f  uiDisplayShowChar              
00000eb1  uiDisplayShowFloat             
00000f01  uiDisplayShowNumber            
00000dc7  uiDisplayShowString            
0000043d  uiDisplayerRefresh             
000003d9  uiGRAMClear                    


GLOBAL SYMBOLS: SORTED BY Symbol Address 

address   name                           
-------   ----                           
00000000  __TI_static_base__             
00000000  g_pfnVectors                   
00000200  __STACK_SIZE                   
0000026d  uiDataDisplayerInit            
000002db  uiDataDisplayerRefresh         
000003a5  uiDataDisplayersRefresh        
000003c1  uiDisplayInit                  
000003d1  uiDisplayClear                 
000003d9  uiGRAMClear                    
0000043d  uiDisplayerRefresh             
000004b9  uiDisplayDrawPoint             
000004fd  uiDisplayErasePoint            
00000549  uiDisplayDrawLine              
000007a9  uiDisplayDrawFrame             
0000080d  uiDisplayDrawBlock             
000009a9  uiDisplayEraseBlock            
00000b49  uiDisplayDrawCircle            
00000c9f  uiDisplayShowChar              
00000dc7  uiDisplayShowString            
00000eb1  uiDisplayShowFloat             
00000f01  uiDisplayShowNumber            
00000fa5  UC1701Init                     
00001055  UC1701DataWrite                
00001097  UC1701CmdWrite                 
000010d9  UC1701DoubleCmdWrite           
00001137  UC1701AddressSet               
0000117b  UC1701Dispaly                  
00001241  UC1701InverseDispaly           
00001311  UC1701CharDispaly              
00001365  UC1701ChineseDispaly           
0000144d  UC1701DisplayN                 
000014eb  UC1701Clear                    
0000154d  UC1701InverseEnable            
00001555  UC1701InverseDisable           
0000155d  UC1701AllPixelOnEnable         
00001567  UC1701AllPixelOnDisable        
00001571  UC1701DisplayOn                
0000157b  UC1701DisplayOff               
00001585  UC1701ScrollLineSet            
0000159d  UC1701PMSet                    
000015af  UC1701BRSet                    
000015c3  UC1701SegDirSet                
000015d7  UC1701ComDirSet                
000015eb  Float2Str                      
0000178d  Int2Str                        
00001aeb  screen_harmonic                
00001b6d  pow                            
00001b6d  powl                           
00002519  test                           
00002559  screen11                       
000025e5  screen12                       
00002671  screen13                       
000026ff  screen14                       
000027ad  screen21                       
00002861  screen22                       
000028c1  screen23                       
00002925  prifloat                       
00002a59  Key1IntHandler                 
00002ab1  Key2IntHandler                 
00002aef  Key3IntHandler                 
00002b25  KeyConfigure                   
00002c09  key                            
00002c9d  __aeabi_dsub                   
00002ca7  __aeabi_dadd                   
00002e53  __mpu_init                     
00002e55  sqrt                           
00002e55  sqrtl                          
00002fc5  __aeabi_ddiv                   
000030fb  GPIOPadConfigSet               
0000322d  SysCtlClockGet                 
0000333d  __aeabi_dmul                   
00003439  ldexp                          
00003439  ldexpl                         
00003439  scalbn                         
00003439  scalbnl                        
00003535  SysCtlClockSet                 
00003629  LED                            
0000364b  LEDIntHandler                  
000036cb  LEDFlash                       
00003705  __aeabi_memcpy                 
00003705  __aeabi_memcpy4                
00003705  __aeabi_memcpy8                
00003705  memcpy                         
000037a1  __aeabi_cdcmpeq                
000037a1  __aeabi_cdcmple                
00003827  __aeabi_cdrcmple               
000038ad  floorf                         
0000392d  __aeabi_memclr                 
0000392d  __aeabi_memclr4                
0000392d  __aeabi_memclr8                
0000392f  __aeabi_memset                 
0000392f  __aeabi_memset4                
0000392f  __aeabi_memset8                
00003935  memset                         
000039a7  _system_post_cinit             
000039a9  __TI_auto_init                 
00003a19  __aeabi_d2f                    
00003a87  roundf                         
00003b61  IntEnable                      
00003bc9  GPIOIntTypeSet                 
00003c21  _c_int00                       
00003c75  C$$EXIT                        
00003c79  abort                          
00003c81  exit                           
00003cc9  copy_in                        
00003d15  GPIOPinConfigure               
00003da1  SSIConfigSetExpClk             
00003ddd  __aeabi_f2d                    
00003e15  IntRegister                    
00003e49  SysCtlPeripheralEnable         
00003e7d  strncpy                        
00003ead  __aeabi_i2d                    
00003edb  GPIODirModeSet                 
00003f05  SysTickIntRegister             
00003f21  main                           
00003f39  GPIOIntRegister                
00003f51  GPIOPinTypeGPIOOutput          
00003f69  _args_main                     
00003f81  SysTickEnable                  
00003f95  _register_unlock               
00003f9b  _register_lock                 
00003fa3  _nop                           
00003fa9  copysign                       
00003fa9  copysignl                      
00003fbd  strlen                         
00003fd1  GPIOPinTypeGPIOInput           
00003fe3  GPIOPinTypeSSI                 
00003ff5  SysTickPeriodSet               
00004005  GPIOIntStatus                  
00004013  __TI_decompress_none           
00004021  GPIOIntEnable                  
0000402d  ResetISR                       
00004039  SSIDataPut                     
00004043  SSIEnable                      
0000404d  SSIBusy                        
00004055  GPIOIntClear                   
0000405b  GPIOPinWrite                   
00004061  SysCtlDelay                    
00004067  __TI_decompress_rle24          
0000406d  _system_pre_init               
00004070  asc2_2412                      
00004dcc  Ascii                          
000053bc  asc2_1608                      
000059ac  asc2_1206                      
0000678c  __TI_Handler_Table_Base        
00006794  __TI_CINIT_Base                
00006794  __TI_Handler_Table_Limit       
000067a4  __TI_CINIT_Limit               
20000000  g_pfnRAMVectors                
2000026c  GRAM                           
2000066c  BPHD                           
200006ec  DYPC                           
2000076c  Iter                           
200007ec  TF                             
2000086c  TO                             
200008ec  TT                             
2000096c  TZ                             
200009ec  Tf_1                           
20000a6c  XDL                            
20000acc  XDY                            
20000b2c  event_1                        
20000b8c  event_2                        
20000bec  event_3                        
20000c4c  PL                             
20000c8c  Tf_2                           
20000ccc  __TI_cleanup_ptr               
20000cd0  __TI_dtors_ptr                 
20000cd4  __TI_enable_exit_profile_output
20000cd8  Uphase                         
20000cdc  Iphase                         
20000ce0  fre                            
20000ce4  g_first_data_displayer         
20000ce8  inverse_factor                 
20000cf0  D4_Counter                     
20000cf4  D3_Counter                     
20000cf8  flag                           
20000cfc  _lock                          
20000d00  _unlock                        
20000d04  page                           
20000d08  errno                          
20000d0c  main_func_sp                   
20000d10  __stack                        
20000f10  __STACK_END                    
20000f10  __STACK_TOP                    
ffffffff  __TI_pprof_out_hndl            
ffffffff  __TI_prof_data_size            
ffffffff  __TI_prof_data_start           
ffffffff  __binit__                      
ffffffff  __c_args__                     
ffffffff  binit                          
UNDEFED   SHT$$INIT_ARRAY$$Base          
UNDEFED   SHT$$INIT_ARRAY$$Limit         

[192 symbols]
