<?xml version="1.0"?>
<link_info>
   <banner>TI ARM Linker PC v15.12.3.LTS</banner>
   <copyright>Copyright (c) 1996-2015 Texas Instruments Incorporated</copyright>
   <link_time>0x5bcb3bf7</link_time>
   <link_errors>0x0</link_errors>
   <output_file>blink.out</output_file>
   <entry_point>
      <name>_c_int00</name>
      <address>0x3c21</address>
   </entry_point>
   <input_file_list>
      <input_file id="fl-2">
         <path>.\</path>
         <kind>object</kind>
         <file>LCDDisplay.obj</file>
         <name>LCDDisplay.obj</name>
      </input_file>
      <input_file id="fl-3">
         <path>.\</path>
         <kind>object</kind>
         <file>harmonicDisplay.obj</file>
         <name>harmonicDisplay.obj</name>
      </input_file>
      <input_file id="fl-4">
         <path>.\</path>
         <kind>object</kind>
         <file>main.obj</file>
         <name>main.obj</name>
      </input_file>
      <input_file id="fl-5">
         <path>.\</path>
         <kind>object</kind>
         <file>page.obj</file>
         <name>page.obj</name>
      </input_file>
      <input_file id="fl-6">
         <path>.\</path>
         <kind>object</kind>
         <file>refresh.obj</file>
         <name>refresh.obj</name>
      </input_file>
      <input_file id="fl-7">
         <path>.\</path>
         <kind>object</kind>
         <file>startup_ccs.obj</file>
         <name>startup_ccs.obj</name>
      </input_file>
      <input_file id="fl-8">
         <path>.\targetConfigs\</path>
         <kind>object</kind>
         <file>main.obj</file>
         <name>main.obj</name>
      </input_file>
      <input_file id="fl-e">
         <path>C:\ti\TivaWare_C_Series-2.1.4.178\driverlib\ccs\Debug\</path>
         <kind>archive</kind>
         <file>driverlib.lib</file>
         <name>gpio.obj</name>
      </input_file>
      <input_file id="fl-f">
         <path>C:\ti\TivaWare_C_Series-2.1.4.178\driverlib\ccs\Debug\</path>
         <kind>archive</kind>
         <file>driverlib.lib</file>
         <name>interrupt.obj</name>
      </input_file>
      <input_file id="fl-10">
         <path>C:\ti\TivaWare_C_Series-2.1.4.178\driverlib\ccs\Debug\</path>
         <kind>archive</kind>
         <file>driverlib.lib</file>
         <name>ssi.obj</name>
      </input_file>
      <input_file id="fl-11">
         <path>C:\ti\TivaWare_C_Series-2.1.4.178\driverlib\ccs\Debug\</path>
         <kind>archive</kind>
         <file>driverlib.lib</file>
         <name>sysctl.obj</name>
      </input_file>
      <input_file id="fl-12">
         <path>C:\ti\TivaWare_C_Series-2.1.4.178\driverlib\ccs\Debug\</path>
         <kind>archive</kind>
         <file>driverlib.lib</file>
         <name>systick.obj</name>
      </input_file>
      <input_file id="fl-13">
         <path>C:\ti\TivaWare_C_Series-2.1.4.178\driverlib\ccs\Debug\</path>
         <kind>archive</kind>
         <file>driverlib.lib</file>
         <name>cpu.obj</name>
      </input_file>
      <input_file id="fl-c9">
         <path>C:\ti\ccsv6\tools\compiler\arm_15.12.3.LTS\lib\</path>
         <kind>archive</kind>
         <file>rtsv7M4_T_le_v4SPD16_eabi.lib</file>
         <name>boot.obj</name>
      </input_file>
      <input_file id="fl-ca">
         <path>C:\ti\ccsv6\tools\compiler\arm_15.12.3.LTS\lib\</path>
         <kind>archive</kind>
         <file>rtsv7M4_T_le_v4SPD16_eabi.lib</file>
         <name>copy_decompress_none.obj</name>
      </input_file>
      <input_file id="fl-cb">
         <path>C:\ti\ccsv6\tools\compiler\arm_15.12.3.LTS\lib\</path>
         <kind>archive</kind>
         <file>rtsv7M4_T_le_v4SPD16_eabi.lib</file>
         <name>copy_decompress_rle.obj</name>
      </input_file>
      <input_file id="fl-cc">
         <path>C:\ti\ccsv6\tools\compiler\arm_15.12.3.LTS\lib\</path>
         <kind>archive</kind>
         <file>rtsv7M4_T_le_v4SPD16_eabi.lib</file>
         <name>copy_zero_init.obj</name>
      </input_file>
      <input_file id="fl-cd">
         <path>C:\ti\ccsv6\tools\compiler\arm_15.12.3.LTS\lib\</path>
         <kind>archive</kind>
         <file>rtsv7M4_T_le_v4SPD16_eabi.lib</file>
         <name>e_pow.obj</name>
      </input_file>
      <input_file id="fl-ce">
         <path>C:\ti\ccsv6\tools\compiler\arm_15.12.3.LTS\lib\</path>
         <kind>archive</kind>
         <file>rtsv7M4_T_le_v4SPD16_eabi.lib</file>
         <name>e_sqrt.obj</name>
      </input_file>
      <input_file id="fl-cf">
         <path>C:\ti\ccsv6\tools\compiler\arm_15.12.3.LTS\lib\</path>
         <kind>archive</kind>
         <file>rtsv7M4_T_le_v4SPD16_eabi.lib</file>
         <name>errno.obj</name>
      </input_file>
      <input_file id="fl-d0">
         <path>C:\ti\ccsv6\tools\compiler\arm_15.12.3.LTS\lib\</path>
         <kind>archive</kind>
         <file>rtsv7M4_T_le_v4SPD16_eabi.lib</file>
         <name>exit.obj</name>
      </input_file>
      <input_file id="fl-d1">
         <path>C:\ti\ccsv6\tools\compiler\arm_15.12.3.LTS\lib\</path>
         <kind>archive</kind>
         <file>rtsv7M4_T_le_v4SPD16_eabi.lib</file>
         <name>fd_add_t2.obj</name>
      </input_file>
      <input_file id="fl-d2">
         <path>C:\ti\ccsv6\tools\compiler\arm_15.12.3.LTS\lib\</path>
         <kind>archive</kind>
         <file>rtsv7M4_T_le_v4SPD16_eabi.lib</file>
         <name>fd_cmp_t2.obj</name>
      </input_file>
      <input_file id="fl-d3">
         <path>C:\ti\ccsv6\tools\compiler\arm_15.12.3.LTS\lib\</path>
         <kind>archive</kind>
         <file>rtsv7M4_T_le_v4SPD16_eabi.lib</file>
         <name>fd_div_t2.obj</name>
      </input_file>
      <input_file id="fl-d4">
         <path>C:\ti\ccsv6\tools\compiler\arm_15.12.3.LTS\lib\</path>
         <kind>archive</kind>
         <file>rtsv7M4_T_le_v4SPD16_eabi.lib</file>
         <name>fd_mul_t2.obj</name>
      </input_file>
      <input_file id="fl-d5">
         <path>C:\ti\ccsv6\tools\compiler\arm_15.12.3.LTS\lib\</path>
         <kind>archive</kind>
         <file>rtsv7M4_T_le_v4SPD16_eabi.lib</file>
         <name>fd_tos_t2.obj</name>
      </input_file>
      <input_file id="fl-d6">
         <path>C:\ti\ccsv6\tools\compiler\arm_15.12.3.LTS\lib\</path>
         <kind>archive</kind>
         <file>rtsv7M4_T_le_v4SPD16_eabi.lib</file>
         <name>fs_tod_t2.obj</name>
      </input_file>
      <input_file id="fl-d7">
         <path>C:\ti\ccsv6\tools\compiler\arm_15.12.3.LTS\lib\</path>
         <kind>archive</kind>
         <file>rtsv7M4_T_le_v4SPD16_eabi.lib</file>
         <name>i_tofd_t2.obj</name>
      </input_file>
      <input_file id="fl-d8">
         <path>C:\ti\ccsv6\tools\compiler\arm_15.12.3.LTS\lib\</path>
         <kind>archive</kind>
         <file>rtsv7M4_T_le_v4SPD16_eabi.lib</file>
         <name>memcpy_t2.obj</name>
      </input_file>
      <input_file id="fl-d9">
         <path>C:\ti\ccsv6\tools\compiler\arm_15.12.3.LTS\lib\</path>
         <kind>archive</kind>
         <file>rtsv7M4_T_le_v4SPD16_eabi.lib</file>
         <name>memset_t2.obj</name>
      </input_file>
      <input_file id="fl-da">
         <path>C:\ti\ccsv6\tools\compiler\arm_15.12.3.LTS\lib\</path>
         <kind>archive</kind>
         <file>rtsv7M4_T_le_v4SPD16_eabi.lib</file>
         <name>mpu_init.obj</name>
      </input_file>
      <input_file id="fl-db">
         <path>C:\ti\ccsv6\tools\compiler\arm_15.12.3.LTS\lib\</path>
         <kind>archive</kind>
         <file>rtsv7M4_T_le_v4SPD16_eabi.lib</file>
         <name>pre_init.obj</name>
      </input_file>
      <input_file id="fl-dc">
         <path>C:\ti\ccsv6\tools\compiler\arm_15.12.3.LTS\lib\</path>
         <kind>archive</kind>
         <file>rtsv7M4_T_le_v4SPD16_eabi.lib</file>
         <name>s_floorf.obj</name>
      </input_file>
      <input_file id="fl-dd">
         <path>C:\ti\ccsv6\tools\compiler\arm_15.12.3.LTS\lib\</path>
         <kind>archive</kind>
         <file>rtsv7M4_T_le_v4SPD16_eabi.lib</file>
         <name>s_roundf.obj</name>
      </input_file>
      <input_file id="fl-de">
         <path>C:\ti\ccsv6\tools\compiler\arm_15.12.3.LTS\lib\</path>
         <kind>archive</kind>
         <file>rtsv7M4_T_le_v4SPD16_eabi.lib</file>
         <name>s_scalbn.obj</name>
      </input_file>
      <input_file id="fl-df">
         <path>C:\ti\ccsv6\tools\compiler\arm_15.12.3.LTS\lib\</path>
         <kind>archive</kind>
         <file>rtsv7M4_T_le_v4SPD16_eabi.lib</file>
         <name>stkdepth_vars.obj</name>
      </input_file>
      <input_file id="fl-e0">
         <path>C:\ti\ccsv6\tools\compiler\arm_15.12.3.LTS\lib\</path>
         <kind>archive</kind>
         <file>rtsv7M4_T_le_v4SPD16_eabi.lib</file>
         <name>strlen.obj</name>
      </input_file>
      <input_file id="fl-e1">
         <path>C:\ti\ccsv6\tools\compiler\arm_15.12.3.LTS\lib\</path>
         <kind>archive</kind>
         <file>rtsv7M4_T_le_v4SPD16_eabi.lib</file>
         <name>strncpy.obj</name>
      </input_file>
      <input_file id="fl-e2">
         <path>C:\ti\ccsv6\tools\compiler\arm_15.12.3.LTS\lib\</path>
         <kind>archive</kind>
         <file>rtsv7M4_T_le_v4SPD16_eabi.lib</file>
         <name>_lock.obj</name>
      </input_file>
      <input_file id="fl-e3">
         <path>C:\ti\ccsv6\tools\compiler\arm_15.12.3.LTS\lib\</path>
         <kind>archive</kind>
         <file>rtsv7M4_T_le_v4SPD16_eabi.lib</file>
         <name>args_main.obj</name>
      </input_file>
      <input_file id="fl-e4">
         <path>C:\ti\ccsv6\tools\compiler\arm_15.12.3.LTS\lib\</path>
         <kind>archive</kind>
         <file>rtsv7M4_T_le_v4SPD16_eabi.lib</file>
         <name>autoinit.obj</name>
      </input_file>
      <input_file id="fl-e5">
         <path>C:\ti\ccsv6\tools\compiler\arm_15.12.3.LTS\lib\</path>
         <kind>archive</kind>
         <file>rtsv7M4_T_le_v4SPD16_eabi.lib</file>
         <name>cpy_tbl.obj</name>
      </input_file>
      <input_file id="fl-e6">
         <path>C:\ti\ccsv6\tools\compiler\arm_15.12.3.LTS\lib\</path>
         <kind>archive</kind>
         <file>rtsv7M4_T_le_v4SPD16_eabi.lib</file>
         <name>s_copysign.obj</name>
      </input_file>
      <input_file id="fl-e7">
         <path>C:\ti\ccsv6\tools\compiler\arm_15.12.3.LTS\lib\</path>
         <kind>archive</kind>
         <file>rtsv7M4_T_le_v4SPD16_eabi.lib</file>
         <name>startup.obj</name>
      </input_file>
   </input_file_list>
   <object_component_list>
      <object_component id="oc-f">
         <name>.intvecs</name>
         <load_address>0x0</load_address>
         <run_address>0x0</run_address>
         <size>0x26c</size>
         <input_file_ref idref="fl-7"/>
      </object_component>
      <object_component id="oc-127">
         <name>.text</name>
         <load_address>0x26c</load_address>
         <run_address>0x26c</run_address>
         <size>0x1900</size>
         <input_file_ref idref="fl-3"/>
      </object_component>
      <object_component id="oc-14c">
         <name>.text</name>
         <load_address>0x1b6c</load_address>
         <run_address>0x1b6c</run_address>
         <size>0x9ac</size>
         <input_file_ref idref="fl-cd"/>
      </object_component>
      <object_component id="oc-d9">
         <name>.text</name>
         <load_address>0x2518</load_address>
         <run_address>0x2518</run_address>
         <size>0x540</size>
         <input_file_ref idref="fl-2"/>
      </object_component>
      <object_component id="oc-12d">
         <name>.text</name>
         <load_address>0x2a58</load_address>
         <run_address>0x2a58</run_address>
         <size>0x244</size>
         <input_file_ref idref="fl-5"/>
      </object_component>
      <object_component id="oc-23f">
         <name>.text</name>
         <load_address>0x2c9c</load_address>
         <run_address>0x2c9c</run_address>
         <size>0x1b6</size>
         <input_file_ref idref="fl-d1"/>
      </object_component>
      <object_component id="oc-59">
         <name>.text</name>
         <load_address>0x2e52</load_address>
         <run_address>0x2e52</run_address>
         <size>0x2</size>
         <input_file_ref idref="fl-da"/>
      </object_component>
      <object_component id="oc-249">
         <name>.text</name>
         <load_address>0x2e54</load_address>
         <run_address>0x2e54</run_address>
         <size>0x170</size>
         <input_file_ref idref="fl-ce"/>
      </object_component>
      <object_component id="oc-244">
         <name>.text</name>
         <load_address>0x2fc4</load_address>
         <run_address>0x2fc4</run_address>
         <size>0x136</size>
         <input_file_ref idref="fl-d3"/>
      </object_component>
      <object_component id="oc-19a">
         <name>.text:GPIOPadConfigSet</name>
         <load_address>0x30fa</load_address>
         <run_address>0x30fa</run_address>
         <size>0x132</size>
         <input_file_ref idref="fl-e"/>
      </object_component>
      <object_component id="oc-1c7">
         <name>.text:SysCtlClockGet</name>
         <load_address>0x322c</load_address>
         <run_address>0x322c</run_address>
         <size>0x110</size>
         <input_file_ref idref="fl-11"/>
      </object_component>
      <object_component id="oc-152">
         <name>.text</name>
         <load_address>0x333c</load_address>
         <run_address>0x333c</run_address>
         <size>0xfc</size>
         <input_file_ref idref="fl-d4"/>
      </object_component>
      <object_component id="oc-25f">
         <name>.text</name>
         <load_address>0x3438</load_address>
         <run_address>0x3438</run_address>
         <size>0xfc</size>
         <input_file_ref idref="fl-de"/>
      </object_component>
      <object_component id="oc-cd">
         <name>.text:SysCtlClockSet</name>
         <load_address>0x3534</load_address>
         <run_address>0x3534</run_address>
         <size>0xf4</size>
         <input_file_ref idref="fl-11"/>
      </object_component>
      <object_component id="oc-d3">
         <name>.text</name>
         <load_address>0x3628</load_address>
         <run_address>0x3628</run_address>
         <size>0xdc</size>
         <input_file_ref idref="fl-6"/>
      </object_component>
      <object_component id="oc-34">
         <name>.text</name>
         <load_address>0x3704</load_address>
         <run_address>0x3704</run_address>
         <size>0x9c</size>
         <input_file_ref idref="fl-d8"/>
      </object_component>
      <object_component id="oc-255">
         <name>.text:__aeabi_cdcmple</name>
         <load_address>0x37a0</load_address>
         <run_address>0x37a0</run_address>
         <size>0x86</size>
         <input_file_ref idref="fl-d2"/>
      </object_component>
      <object_component id="oc-25a">
         <name>.text:__aeabi_cdrcmple</name>
         <load_address>0x3826</load_address>
         <run_address>0x3826</run_address>
         <size>0x86</size>
         <input_file_ref idref="fl-d2"/>
      </object_component>
      <object_component id="oc-13c">
         <name>.text</name>
         <load_address>0x38ac</load_address>
         <run_address>0x38ac</run_address>
         <size>0x80</size>
         <input_file_ref idref="fl-dc"/>
      </object_component>
      <object_component id="oc-4d">
         <name>.text</name>
         <load_address>0x392c</load_address>
         <run_address>0x392c</run_address>
         <size>0x7a</size>
         <input_file_ref idref="fl-d9"/>
      </object_component>
      <object_component id="oc-a3">
         <name>.text</name>
         <load_address>0x39a6</load_address>
         <run_address>0x39a6</run_address>
         <size>0x2</size>
         <input_file_ref idref="fl-e7"/>
      </object_component>
      <object_component id="oc-65">
         <name>.text</name>
         <load_address>0x39a8</load_address>
         <run_address>0x39a8</run_address>
         <size>0x70</size>
         <input_file_ref idref="fl-e4"/>
      </object_component>
      <object_component id="oc-157">
         <name>.text</name>
         <load_address>0x3a18</load_address>
         <run_address>0x3a18</run_address>
         <size>0x6e</size>
         <input_file_ref idref="fl-d5"/>
      </object_component>
      <object_component id="oc-15c">
         <name>.text</name>
         <load_address>0x3a86</load_address>
         <run_address>0x3a86</run_address>
         <size>0x6e</size>
         <input_file_ref idref="fl-dd"/>
      </object_component>
      <object_component id="oc-40">
         <name>.text</name>
         <load_address>0x3af4</load_address>
         <run_address>0x3af4</run_address>
         <size>0x6a</size>
         <input_file_ref idref="fl-cb"/>
      </object_component>
      <object_component id="oc-2bc">
         <name>.text:IntEnable</name>
         <load_address>0x3b60</load_address>
         <run_address>0x3b60</run_address>
         <size>0x68</size>
         <input_file_ref idref="fl-f"/>
      </object_component>
      <object_component id="oc-21f">
         <name>.text:GPIOIntTypeSet</name>
         <load_address>0x3bc8</load_address>
         <run_address>0x3bc8</run_address>
         <size>0x56</size>
         <input_file_ref idref="fl-e"/>
      </object_component>
      <object_component id="oc-24">
         <name>.text</name>
         <load_address>0x3c20</load_address>
         <run_address>0x3c20</run_address>
         <size>0x54</size>
         <input_file_ref idref="fl-c9"/>
      </object_component>
      <object_component id="oc-71">
         <name>.text</name>
         <load_address>0x3c74</load_address>
         <run_address>0x3c74</run_address>
         <size>0x54</size>
         <input_file_ref idref="fl-d0"/>
      </object_component>
      <object_component id="oc-9d">
         <name>.text</name>
         <load_address>0x3cc8</load_address>
         <run_address>0x3cc8</run_address>
         <size>0x4c</size>
         <input_file_ref idref="fl-e5"/>
      </object_component>
      <object_component id="oc-1d6">
         <name>.text:GPIOPinConfigure</name>
         <load_address>0x3d14</load_address>
         <run_address>0x3d14</run_address>
         <size>0x48</size>
         <input_file_ref idref="fl-e"/>
      </object_component>
      <object_component id="oc-2b6">
         <name>.text:_GPIOIntNumberGet</name>
         <load_address>0x3d5c</load_address>
         <run_address>0x3d5c</run_address>
         <size>0x44</size>
         <input_file_ref idref="fl-e"/>
      </object_component>
      <object_component id="oc-1e2">
         <name>.text:SSIConfigSetExpClk</name>
         <load_address>0x3da0</load_address>
         <run_address>0x3da0</run_address>
         <size>0x3c</size>
         <input_file_ref idref="fl-10"/>
      </object_component>
      <object_component id="oc-142">
         <name>.text</name>
         <load_address>0x3ddc</load_address>
         <run_address>0x3ddc</run_address>
         <size>0x38</size>
         <input_file_ref idref="fl-d6"/>
      </object_component>
      <object_component id="oc-1ac">
         <name>.text:IntRegister</name>
         <load_address>0x3e14</load_address>
         <run_address>0x3e14</run_address>
         <size>0x34</size>
         <input_file_ref idref="fl-f"/>
      </object_component>
      <object_component id="oc-ff">
         <name>.text:SysCtlPeripheralEnable</name>
         <load_address>0x3e48</load_address>
         <run_address>0x3e48</run_address>
         <size>0x34</size>
         <input_file_ref idref="fl-11"/>
      </object_component>
      <object_component id="oc-1bb">
         <name>.text</name>
         <load_address>0x3e7c</load_address>
         <run_address>0x3e7c</run_address>
         <size>0x30</size>
         <input_file_ref idref="fl-e1"/>
      </object_component>
      <object_component id="oc-147">
         <name>.text</name>
         <load_address>0x3eac</load_address>
         <run_address>0x3eac</run_address>
         <size>0x2e</size>
         <input_file_ref idref="fl-d7"/>
      </object_component>
      <object_component id="oc-1a0">
         <name>.text:GPIODirModeSet</name>
         <load_address>0x3eda</load_address>
         <run_address>0x3eda</run_address>
         <size>0x2a</size>
         <input_file_ref idref="fl-e"/>
      </object_component>
      <object_component id="oc-11d">
         <name>.text:SysTickIntRegister</name>
         <load_address>0x3f04</load_address>
         <run_address>0x3f04</run_address>
         <size>0x1c</size>
         <input_file_ref idref="fl-12"/>
      </object_component>
      <object_component id="oc-ab">
         <name>.text</name>
         <load_address>0x3f20</load_address>
         <run_address>0x3f20</run_address>
         <size>0x18</size>
         <input_file_ref idref="fl-4"/>
      </object_component>
      <object_component id="oc-219">
         <name>.text:GPIOIntRegister</name>
         <load_address>0x3f38</load_address>
         <run_address>0x3f38</run_address>
         <size>0x18</size>
         <input_file_ref idref="fl-e"/>
      </object_component>
      <object_component id="oc-105">
         <name>.text:GPIOPinTypeGPIOOutput</name>
         <load_address>0x3f50</load_address>
         <run_address>0x3f50</run_address>
         <size>0x18</size>
         <input_file_ref idref="fl-e"/>
      </object_component>
      <object_component id="oc-6b">
         <name>.text</name>
         <load_address>0x3f68</load_address>
         <run_address>0x3f68</run_address>
         <size>0x18</size>
         <input_file_ref idref="fl-e3"/>
      </object_component>
      <object_component id="oc-117">
         <name>.text:SysTickEnable</name>
         <load_address>0x3f80</load_address>
         <run_address>0x3f80</run_address>
         <size>0x14</size>
         <input_file_ref idref="fl-12"/>
      </object_component>
      <object_component id="oc-e9">
         <name>.text</name>
         <load_address>0x3f94</load_address>
         <run_address>0x3f94</run_address>
         <size>0x14</size>
         <input_file_ref idref="fl-e2"/>
      </object_component>
      <object_component id="oc-2d5">
         <name>.text</name>
         <load_address>0x3fa8</load_address>
         <run_address>0x3fa8</run_address>
         <size>0x14</size>
         <input_file_ref idref="fl-e6"/>
      </object_component>
      <object_component id="oc-1b5">
         <name>.text</name>
         <load_address>0x3fbc</load_address>
         <run_address>0x3fbc</run_address>
         <size>0x14</size>
         <input_file_ref idref="fl-e0"/>
      </object_component>
      <object_component id="oc-213">
         <name>.text:GPIOPinTypeGPIOInput</name>
         <load_address>0x3fd0</load_address>
         <run_address>0x3fd0</run_address>
         <size>0x12</size>
         <input_file_ref idref="fl-e"/>
      </object_component>
      <object_component id="oc-1dc">
         <name>.text:GPIOPinTypeSSI</name>
         <load_address>0x3fe2</load_address>
         <run_address>0x3fe2</run_address>
         <size>0x12</size>
         <input_file_ref idref="fl-e"/>
      </object_component>
      <object_component id="oc-111">
         <name>.text:SysTickPeriodSet</name>
         <load_address>0x3ff4</load_address>
         <run_address>0x3ff4</run_address>
         <size>0x10</size>
         <input_file_ref idref="fl-12"/>
      </object_component>
      <object_component id="oc-207">
         <name>.text:GPIOIntStatus</name>
         <load_address>0x4004</load_address>
         <run_address>0x4004</run_address>
         <size>0xe</size>
         <input_file_ref idref="fl-e"/>
      </object_component>
      <object_component id="oc-12">
         <name>.text:decompress:none</name>
         <load_address>0x4012</load_address>
         <run_address>0x4012</run_address>
         <size>0xe</size>
         <input_file_ref idref="fl-ca"/>
      </object_component>
      <object_component id="oc-225">
         <name>.text:GPIOIntEnable</name>
         <load_address>0x4020</load_address>
         <run_address>0x4020</run_address>
         <size>0xc</size>
         <input_file_ref idref="fl-e"/>
      </object_component>
      <object_component id="oc-2b">
         <name>.text</name>
         <load_address>0x402c</load_address>
         <run_address>0x402c</run_address>
         <size>0xc</size>
         <input_file_ref idref="fl-7"/>
      </object_component>
      <object_component id="oc-1ee">
         <name>.text:SSIDataPut</name>
         <load_address>0x4038</load_address>
         <run_address>0x4038</run_address>
         <size>0xa</size>
         <input_file_ref idref="fl-10"/>
      </object_component>
      <object_component id="oc-1e8">
         <name>.text:SSIEnable</name>
         <load_address>0x4042</load_address>
         <run_address>0x4042</run_address>
         <size>0xa</size>
         <input_file_ref idref="fl-10"/>
      </object_component>
      <object_component id="oc-1f4">
         <name>.text:SSIBusy</name>
         <load_address>0x404c</load_address>
         <run_address>0x404c</run_address>
         <size>0x8</size>
         <input_file_ref idref="fl-10"/>
      </object_component>
      <object_component id="oc-20d">
         <name>.text:GPIOIntClear</name>
         <load_address>0x4054</load_address>
         <run_address>0x4054</run_address>
         <size>0x6</size>
         <input_file_ref idref="fl-e"/>
      </object_component>
      <object_component id="oc-10b">
         <name>.text:GPIOPinWrite</name>
         <load_address>0x405a</load_address>
         <run_address>0x405a</run_address>
         <size>0x6</size>
         <input_file_ref idref="fl-e"/>
      </object_component>
      <object_component id="oc-fc">
         <name>.text:SysCtlDelay</name>
         <load_address>0x4060</load_address>
         <run_address>0x4060</run_address>
         <size>0x6</size>
         <input_file_ref idref="fl-11"/>
      </object_component>
      <object_component id="oc-18">
         <name>.text:decompress:rle24</name>
         <load_address>0x4066</load_address>
         <run_address>0x4066</run_address>
         <size>0x6</size>
         <input_file_ref idref="fl-cb"/>
      </object_component>
      <object_component id="oc-5f">
         <name>.text</name>
         <load_address>0x406c</load_address>
         <run_address>0x406c</run_address>
         <size>0x4</size>
         <input_file_ref idref="fl-db"/>
      </object_component>
      <object_component id="oc-1d3">
         <name>.const:asc2_2412</name>
         <load_address>0x4070</load_address>
         <run_address>0x4070</run_address>
         <size>0xd5c</size>
         <input_file_ref idref="fl-3"/>
      </object_component>
      <object_component id="oc-1fa">
         <name>.const:.string:Ascii</name>
         <load_address>0x4dcc</load_address>
         <run_address>0x4dcc</run_address>
         <size>0x5f0</size>
         <input_file_ref idref="fl-3"/>
      </object_component>
      <object_component id="oc-1d0">
         <name>.const:asc2_1608</name>
         <load_address>0x53bc</load_address>
         <run_address>0x53bc</run_address>
         <size>0x5f0</size>
         <input_file_ref idref="fl-3"/>
      </object_component>
      <object_component id="oc-1cd">
         <name>.const:asc2_1206</name>
         <load_address>0x59ac</load_address>
         <run_address>0x59ac</run_address>
         <size>0x474</size>
         <input_file_ref idref="fl-3"/>
      </object_component>
      <object_component id="oc-2f7">
         <name>.const:g_ppui32GPIOIntMapSnowflake</name>
         <load_address>0x5e20</load_address>
         <run_address>0x5e20</run_address>
         <size>0xd8</size>
         <input_file_ref idref="fl-e"/>
      </object_component>
      <object_component id="oc-2f4">
         <name>.const:g_ppui32GPIOIntMapBlizzard</name>
         <load_address>0x5ef8</load_address>
         <run_address>0x5ef8</run_address>
         <size>0xc0</size>
         <input_file_ref idref="fl-e"/>
      </object_component>
      <object_component id="oc-2a3">
         <name>.const:g_pui32GPIOBaseAddrs</name>
         <load_address>0x5fb8</load_address>
         <run_address>0x5fb8</run_address>
         <size>0x90</size>
         <input_file_ref idref="fl-e"/>
      </object_component>
      <object_component id="oc-2fb">
         <name>.const</name>
         <load_address>0x6048</load_address>
         <run_address>0x6048</run_address>
         <size>0x70</size>
         <input_file_ref idref="fl-f"/>
      </object_component>
      <object_component id="oc-299">
         <name>.const:g_pui32Xtals</name>
         <load_address>0x60b8</load_address>
         <run_address>0x60b8</run_address>
         <size>0x6c</size>
         <input_file_ref idref="fl-11"/>
      </object_component>
      <object_component id="oc-252">
         <name>.const:$O1$$</name>
         <load_address>0x6128</load_address>
         <run_address>0x6128</run_address>
         <size>0x30</size>
         <input_file_ref idref="fl-cd"/>
      </object_component>
      <object_component id="oc-1fd">
         <name>.const:$P$T0$2</name>
         <load_address>0x6158</load_address>
         <run_address>0x6158</run_address>
         <size>0x28</size>
         <input_file_ref idref="fl-3"/>
      </object_component>
      <object_component id="oc-32c">
         <name>.cinit..data.load</name>
         <load_address>0x6180</load_address>
         <run_address>0x6180</run_address>
         <size>0x5fe</size>
      </object_component>
      <object_component id="oc-32b">
         <name>.cinit..vtable.load</name>
         <load_address>0x6780</load_address>
         <run_address>0x6780</run_address>
         <size>0xb</size>
      </object_component>
      <object_component id="oc-329">
         <name>__TI_handler_table</name>
         <load_address>0x678c</load_address>
         <run_address>0x678c</run_address>
         <size>0x8</size>
      </object_component>
      <object_component id="oc-32a">
         <name>__TI_cinit_table</name>
         <load_address>0x6794</load_address>
         <run_address>0x6794</run_address>
         <size>0x10</size>
      </object_component>
      <object_component id="oc-28c">
         <name>.vtable</name>
         <uninitialized>true</uninitialized>
         <run_address>0x20000000</run_address>
         <size>0x26c</size>
         <input_file_ref idref="fl-f"/>
      </object_component>
      <object_component id="oc-168">
         <name>.data</name>
         <load_address>0x20000cd8</load_address>
         <run_address>0x20000cd8</run_address>
         <size>0xc</size>
         <input_file_ref idref="fl-2"/>
      </object_component>
      <object_component id="oc-16b">
         <name>.data:TZ</name>
         <load_address>0x2000096c</load_address>
         <run_address>0x2000096c</run_address>
         <size>0x80</size>
         <input_file_ref idref="fl-2"/>
      </object_component>
      <object_component id="oc-16e">
         <name>.data:TO</name>
         <load_address>0x2000086c</load_address>
         <run_address>0x2000086c</run_address>
         <size>0x80</size>
         <input_file_ref idref="fl-2"/>
      </object_component>
      <object_component id="oc-171">
         <name>.data:TT</name>
         <load_address>0x200008ec</load_address>
         <run_address>0x200008ec</run_address>
         <size>0x80</size>
         <input_file_ref idref="fl-2"/>
      </object_component>
      <object_component id="oc-174">
         <name>.data:TF</name>
         <load_address>0x200007ec</load_address>
         <run_address>0x200007ec</run_address>
         <size>0x80</size>
         <input_file_ref idref="fl-2"/>
      </object_component>
      <object_component id="oc-177">
         <name>.data:Tf_1</name>
         <load_address>0x200009ec</load_address>
         <run_address>0x200009ec</run_address>
         <size>0x80</size>
         <input_file_ref idref="fl-2"/>
      </object_component>
      <object_component id="oc-17a">
         <name>.data:Tf_2</name>
         <load_address>0x20000c8c</load_address>
         <run_address>0x20000c8c</run_address>
         <size>0x40</size>
         <input_file_ref idref="fl-2"/>
      </object_component>
      <object_component id="oc-186">
         <name>.data:Iter</name>
         <load_address>0x2000076c</load_address>
         <run_address>0x2000076c</run_address>
         <size>0x80</size>
         <input_file_ref idref="fl-2"/>
      </object_component>
      <object_component id="oc-17d">
         <name>.data:event_1</name>
         <load_address>0x20000b2c</load_address>
         <run_address>0x20000b2c</run_address>
         <size>0x60</size>
         <input_file_ref idref="fl-2"/>
      </object_component>
      <object_component id="oc-180">
         <name>.data:event_2</name>
         <load_address>0x20000b8c</load_address>
         <run_address>0x20000b8c</run_address>
         <size>0x60</size>
         <input_file_ref idref="fl-2"/>
      </object_component>
      <object_component id="oc-183">
         <name>.data:event_3</name>
         <load_address>0x20000bec</load_address>
         <run_address>0x20000bec</run_address>
         <size>0x60</size>
         <input_file_ref idref="fl-2"/>
      </object_component>
      <object_component id="oc-133">
         <name>.data:XDY</name>
         <load_address>0x20000acc</load_address>
         <run_address>0x20000acc</run_address>
         <size>0x60</size>
         <input_file_ref idref="fl-2"/>
      </object_component>
      <object_component id="oc-136">
         <name>.data:BPHD</name>
         <load_address>0x2000066c</load_address>
         <run_address>0x2000066c</run_address>
         <size>0x80</size>
         <input_file_ref idref="fl-2"/>
      </object_component>
      <object_component id="oc-139">
         <name>.data:XDL</name>
         <load_address>0x20000a6c</load_address>
         <run_address>0x20000a6c</run_address>
         <size>0x60</size>
         <input_file_ref idref="fl-2"/>
      </object_component>
      <object_component id="oc-162">
         <name>.data:DYPC</name>
         <load_address>0x200006ec</load_address>
         <run_address>0x200006ec</run_address>
         <size>0x80</size>
         <input_file_ref idref="fl-2"/>
      </object_component>
      <object_component id="oc-165">
         <name>.data:PL</name>
         <load_address>0x20000c4c</load_address>
         <run_address>0x20000c4c</run_address>
         <size>0x40</size>
         <input_file_ref idref="fl-2"/>
      </object_component>
      <object_component id="oc-1c4">
         <name>.data:GRAM</name>
         <load_address>0x2000026c</load_address>
         <run_address>0x2000026c</run_address>
         <size>0x400</size>
         <input_file_ref idref="fl-3"/>
      </object_component>
      <object_component id="oc-1c1">
         <name>.data</name>
         <load_address>0x20000ce4</load_address>
         <run_address>0x20000ce4</run_address>
         <size>0xc</size>
         <input_file_ref idref="fl-3"/>
      </object_component>
      <object_component id="oc-22b">
         <name>.data</name>
         <load_address>0x20000d04</load_address>
         <run_address>0x20000d04</run_address>
         <size>0x4</size>
         <input_file_ref idref="fl-5"/>
      </object_component>
      <object_component id="oc-123">
         <name>.data</name>
         <load_address>0x20000cf0</load_address>
         <run_address>0x20000cf0</run_address>
         <size>0xc</size>
         <input_file_ref idref="fl-6"/>
      </object_component>
      <object_component id="oc-24f">
         <name>.data</name>
         <load_address>0x20000d08</load_address>
         <run_address>0x20000d08</run_address>
         <size>0x4</size>
         <input_file_ref idref="fl-cf"/>
      </object_component>
      <object_component id="oc-b3">
         <name>.data:$O1$$</name>
         <load_address>0x20000ccc</load_address>
         <run_address>0x20000ccc</run_address>
         <size>0xc</size>
         <input_file_ref idref="fl-d0"/>
      </object_component>
      <object_component id="oc-77">
         <name>.data</name>
         <load_address>0x20000d0c</load_address>
         <run_address>0x20000d0c</run_address>
         <size>0x4</size>
         <input_file_ref idref="fl-df"/>
      </object_component>
      <object_component id="oc-b6">
         <name>.data:$O1$$</name>
         <load_address>0x20000cfc</load_address>
         <run_address>0x20000cfc</run_address>
         <size>0x8</size>
         <input_file_ref idref="fl-e2"/>
      </object_component>
      <object_component id="oc-2a">
         <name>.stack</name>
         <uninitialized>true</uninitialized>
         <run_address>0x20000d10</run_address>
         <size>0x0</size>
         <input_file_ref idref="fl-c9"/>
      </object_component>
      <object_component id="oc-32d">
         <name>.stack</name>
         <uninitialized>true</uninitialized>
         <run_address>0x20000d10</run_address>
         <size>0x0</size>
      </object_component>
      <object_component id="oc-231">
         <name>.debug_info</name>
         <load_address>0x0</load_address>
         <run_address>0x0</run_address>
         <size>0x312</size>
         <input_file_ref idref="fl-2"/>
      </object_component>
      <object_component id="oc-169">
         <name>.debug_info</name>
         <load_address>0x312</load_address>
         <run_address>0x312</run_address>
         <size>0xfe</size>
         <input_file_ref idref="fl-2"/>
      </object_component>
      <object_component id="oc-16c">
         <name>.debug_info</name>
         <load_address>0x410</load_address>
         <run_address>0x410</run_address>
         <size>0xc2</size>
         <input_file_ref idref="fl-2"/>
      </object_component>
      <object_component id="oc-16f">
         <name>.debug_info</name>
         <load_address>0x4d2</load_address>
         <run_address>0x4d2</run_address>
         <size>0xc2</size>
         <input_file_ref idref="fl-2"/>
      </object_component>
      <object_component id="oc-172">
         <name>.debug_info</name>
         <load_address>0x594</load_address>
         <run_address>0x594</run_address>
         <size>0xc2</size>
         <input_file_ref idref="fl-2"/>
      </object_component>
      <object_component id="oc-175">
         <name>.debug_info</name>
         <load_address>0x656</load_address>
         <run_address>0x656</run_address>
         <size>0xc2</size>
         <input_file_ref idref="fl-2"/>
      </object_component>
      <object_component id="oc-178">
         <name>.debug_info</name>
         <load_address>0x718</load_address>
         <run_address>0x718</run_address>
         <size>0xc6</size>
         <input_file_ref idref="fl-2"/>
      </object_component>
      <object_component id="oc-17b">
         <name>.debug_info</name>
         <load_address>0x7de</load_address>
         <run_address>0x7de</run_address>
         <size>0xc6</size>
         <input_file_ref idref="fl-2"/>
      </object_component>
      <object_component id="oc-187">
         <name>.debug_info</name>
         <load_address>0x8a4</load_address>
         <run_address>0x8a4</run_address>
         <size>0xc6</size>
         <input_file_ref idref="fl-2"/>
      </object_component>
      <object_component id="oc-17e">
         <name>.debug_info</name>
         <load_address>0x96a</load_address>
         <run_address>0x96a</run_address>
         <size>0xcc</size>
         <input_file_ref idref="fl-2"/>
      </object_component>
      <object_component id="oc-181">
         <name>.debug_info</name>
         <load_address>0xa36</load_address>
         <run_address>0xa36</run_address>
         <size>0xcc</size>
         <input_file_ref idref="fl-2"/>
      </object_component>
      <object_component id="oc-184">
         <name>.debug_info</name>
         <load_address>0xb02</load_address>
         <run_address>0xb02</run_address>
         <size>0xcc</size>
         <input_file_ref idref="fl-2"/>
      </object_component>
      <object_component id="oc-134">
         <name>.debug_info</name>
         <load_address>0xbce</load_address>
         <run_address>0xbce</run_address>
         <size>0xc4</size>
         <input_file_ref idref="fl-2"/>
      </object_component>
      <object_component id="oc-137">
         <name>.debug_info</name>
         <load_address>0xc92</load_address>
         <run_address>0xc92</run_address>
         <size>0xc6</size>
         <input_file_ref idref="fl-2"/>
      </object_component>
      <object_component id="oc-13a">
         <name>.debug_info</name>
         <load_address>0xd58</load_address>
         <run_address>0xd58</run_address>
         <size>0xc4</size>
         <input_file_ref idref="fl-2"/>
      </object_component>
      <object_component id="oc-163">
         <name>.debug_info</name>
         <load_address>0xe1c</load_address>
         <run_address>0xe1c</run_address>
         <size>0xc6</size>
         <input_file_ref idref="fl-2"/>
      </object_component>
      <object_component id="oc-166">
         <name>.debug_info</name>
         <load_address>0xee2</load_address>
         <run_address>0xee2</run_address>
         <size>0xc3</size>
         <input_file_ref idref="fl-2"/>
      </object_component>
      <object_component id="oc-da">
         <name>.debug_info</name>
         <load_address>0xfa5</load_address>
         <run_address>0xfa5</run_address>
         <size>0xc44</size>
         <input_file_ref idref="fl-2"/>
      </object_component>
      <object_component id="oc-8b">
         <name>.debug_info</name>
         <load_address>0x1be9</load_address>
         <run_address>0x1be9</run_address>
         <size>0x84</size>
         <input_file_ref idref="fl-2"/>
      </object_component>
      <object_component id="oc-7e">
         <name>.debug_info</name>
         <load_address>0x1c6d</load_address>
         <run_address>0x1c6d</run_address>
         <size>0x18b</size>
         <input_file_ref idref="fl-2"/>
      </object_component>
      <object_component id="oc-93">
         <name>.debug_info</name>
         <load_address>0x1df8</load_address>
         <run_address>0x1df8</run_address>
         <size>0x2c</size>
         <input_file_ref idref="fl-2"/>
      </object_component>
      <object_component id="oc-201">
         <name>.debug_info</name>
         <load_address>0x1e24</load_address>
         <run_address>0x1e24</run_address>
         <size>0x555</size>
         <input_file_ref idref="fl-3"/>
      </object_component>
      <object_component id="oc-1ce">
         <name>.debug_info</name>
         <load_address>0x2379</load_address>
         <run_address>0x2379</run_address>
         <size>0xd5</size>
         <input_file_ref idref="fl-3"/>
      </object_component>
      <object_component id="oc-1d1">
         <name>.debug_info</name>
         <load_address>0x244e</load_address>
         <run_address>0x244e</run_address>
         <size>0xd5</size>
         <input_file_ref idref="fl-3"/>
      </object_component>
      <object_component id="oc-1d4">
         <name>.debug_info</name>
         <load_address>0x2523</load_address>
         <run_address>0x2523</run_address>
         <size>0xd5</size>
         <input_file_ref idref="fl-3"/>
      </object_component>
      <object_component id="oc-1c5">
         <name>.debug_info</name>
         <load_address>0x25f8</load_address>
         <run_address>0x25f8</run_address>
         <size>0xcb</size>
         <input_file_ref idref="fl-3"/>
      </object_component>
      <object_component id="oc-1c2">
         <name>.debug_info</name>
         <load_address>0x26c3</load_address>
         <run_address>0x26c3</run_address>
         <size>0x11c</size>
         <input_file_ref idref="fl-3"/>
      </object_component>
      <object_component id="oc-1fb">
         <name>.debug_info</name>
         <load_address>0x27df</load_address>
         <run_address>0x27df</run_address>
         <size>0xcd</size>
         <input_file_ref idref="fl-3"/>
      </object_component>
      <object_component id="oc-1fe">
         <name>.debug_info</name>
         <load_address>0x28ac</load_address>
         <run_address>0x28ac</run_address>
         <size>0xd0</size>
         <input_file_ref idref="fl-3"/>
      </object_component>
      <object_component id="oc-128">
         <name>.debug_info</name>
         <load_address>0x297c</load_address>
         <run_address>0x297c</run_address>
         <size>0x3b0e</size>
         <input_file_ref idref="fl-3"/>
      </object_component>
      <object_component id="oc-202">
         <name>.debug_info</name>
         <load_address>0x648a</load_address>
         <run_address>0x648a</run_address>
         <size>0xe4</size>
         <input_file_ref idref="fl-3"/>
      </object_component>
      <object_component id="oc-194">
         <name>.debug_info</name>
         <load_address>0x656e</load_address>
         <run_address>0x656e</run_address>
         <size>0x8b</size>
         <input_file_ref idref="fl-3"/>
      </object_component>
      <object_component id="oc-ac">
         <name>.debug_info</name>
         <load_address>0x65f9</load_address>
         <run_address>0x65f9</run_address>
         <size>0x117</size>
         <input_file_ref idref="fl-4"/>
      </object_component>
      <object_component id="oc-22c">
         <name>.debug_info</name>
         <load_address>0x6710</load_address>
         <run_address>0x6710</run_address>
         <size>0xc0</size>
         <input_file_ref idref="fl-5"/>
      </object_component>
      <object_component id="oc-130">
         <name>.debug_info</name>
         <load_address>0x67d0</load_address>
         <run_address>0x67d0</run_address>
         <size>0x535</size>
         <input_file_ref idref="fl-5"/>
      </object_component>
      <object_component id="oc-124">
         <name>.debug_info</name>
         <load_address>0x6d05</load_address>
         <run_address>0x6d05</run_address>
         <size>0x10d</size>
         <input_file_ref idref="fl-6"/>
      </object_component>
      <object_component id="oc-d6">
         <name>.debug_info</name>
         <load_address>0x6e12</load_address>
         <run_address>0x6e12</run_address>
         <size>0x2c3</size>
         <input_file_ref idref="fl-6"/>
      </object_component>
      <object_component id="oc-33">
         <name>.debug_info</name>
         <load_address>0x70d5</load_address>
         <run_address>0x70d5</run_address>
         <size>0xec</size>
         <input_file_ref idref="fl-7"/>
      </object_component>
      <object_component id="oc-10">
         <name>.debug_info</name>
         <load_address>0x71c1</load_address>
         <run_address>0x71c1</run_address>
         <size>0xd7</size>
         <input_file_ref idref="fl-7"/>
      </object_component>
      <object_component id="oc-2d">
         <name>.debug_info</name>
         <load_address>0x7298</load_address>
         <run_address>0x7298</run_address>
         <size>0x1e9</size>
         <input_file_ref idref="fl-7"/>
      </object_component>
      <object_component id="oc-1a7">
         <name>.debug_info</name>
         <load_address>0x7481</load_address>
         <run_address>0x7481</run_address>
         <size>0x240</size>
         <input_file_ref idref="fl-e"/>
      </object_component>
      <object_component id="oc-2f5">
         <name>.debug_info</name>
         <load_address>0x76c1</load_address>
         <run_address>0x76c1</run_address>
         <size>0x167</size>
         <input_file_ref idref="fl-e"/>
      </object_component>
      <object_component id="oc-2f8">
         <name>.debug_info</name>
         <load_address>0x7828</load_address>
         <run_address>0x7828</run_address>
         <size>0x169</size>
         <input_file_ref idref="fl-e"/>
      </object_component>
      <object_component id="oc-2a4">
         <name>.debug_info</name>
         <load_address>0x7991</load_address>
         <run_address>0x7991</run_address>
         <size>0x15b</size>
         <input_file_ref idref="fl-e"/>
      </object_component>
      <object_component id="oc-10e">
         <name>.debug_info</name>
         <load_address>0x7aec</load_address>
         <run_address>0x7aec</run_address>
         <size>0x2a3</size>
         <input_file_ref idref="fl-e"/>
      </object_component>
      <object_component id="oc-1a3">
         <name>.debug_info</name>
         <load_address>0x7d8f</load_address>
         <run_address>0x7d8f</run_address>
         <size>0x2b3</size>
         <input_file_ref idref="fl-e"/>
      </object_component>
      <object_component id="oc-19d">
         <name>.debug_info</name>
         <load_address>0x8042</load_address>
         <run_address>0x8042</run_address>
         <size>0x316</size>
         <input_file_ref idref="fl-e"/>
      </object_component>
      <object_component id="oc-1df">
         <name>.debug_info</name>
         <load_address>0x8358</load_address>
         <run_address>0x8358</run_address>
         <size>0x279</size>
         <input_file_ref idref="fl-e"/>
      </object_component>
      <object_component id="oc-108">
         <name>.debug_info</name>
         <load_address>0x85d1</load_address>
         <run_address>0x85d1</run_address>
         <size>0x2b7</size>
         <input_file_ref idref="fl-e"/>
      </object_component>
      <object_component id="oc-216">
         <name>.debug_info</name>
         <load_address>0x8888</load_address>
         <run_address>0x8888</run_address>
         <size>0x285</size>
         <input_file_ref idref="fl-e"/>
      </object_component>
      <object_component id="oc-1d9">
         <name>.debug_info</name>
         <load_address>0x8b0d</load_address>
         <run_address>0x8b0d</run_address>
         <size>0x280</size>
         <input_file_ref idref="fl-e"/>
      </object_component>
      <object_component id="oc-2b9">
         <name>.debug_info</name>
         <load_address>0x8d8d</load_address>
         <run_address>0x8d8d</run_address>
         <size>0x298</size>
         <input_file_ref idref="fl-e"/>
      </object_component>
      <object_component id="oc-222">
         <name>.debug_info</name>
         <load_address>0x9025</load_address>
         <run_address>0x9025</run_address>
         <size>0x2bb</size>
         <input_file_ref idref="fl-e"/>
      </object_component>
      <object_component id="oc-20a">
         <name>.debug_info</name>
         <load_address>0x92e0</load_address>
         <run_address>0x92e0</run_address>
         <size>0x27f</size>
         <input_file_ref idref="fl-e"/>
      </object_component>
      <object_component id="oc-21c">
         <name>.debug_info</name>
         <load_address>0x955f</load_address>
         <run_address>0x955f</run_address>
         <size>0x2cf</size>
         <input_file_ref idref="fl-e"/>
      </object_component>
      <object_component id="oc-229">
         <name>.debug_info</name>
         <load_address>0x982e</load_address>
         <run_address>0x982e</run_address>
         <size>0x28f</size>
         <input_file_ref idref="fl-e"/>
      </object_component>
      <object_component id="oc-211">
         <name>.debug_info</name>
         <load_address>0x9abd</load_address>
         <run_address>0x9abd</run_address>
         <size>0x28d</size>
         <input_file_ref idref="fl-e"/>
      </object_component>
      <object_component id="oc-290">
         <name>.debug_info</name>
         <load_address>0x9d4a</load_address>
         <run_address>0x9d4a</run_address>
         <size>0x20e</size>
         <input_file_ref idref="fl-f"/>
      </object_component>
      <object_component id="oc-2fc">
         <name>.debug_info</name>
         <load_address>0x9f58</load_address>
         <run_address>0x9f58</run_address>
         <size>0x210</size>
         <input_file_ref idref="fl-f"/>
      </object_component>
      <object_component id="oc-28d">
         <name>.debug_info</name>
         <load_address>0xa168</load_address>
         <run_address>0xa168</run_address>
         <size>0x157</size>
         <input_file_ref idref="fl-f"/>
      </object_component>
      <object_component id="oc-1ad">
         <name>.debug_info</name>
         <load_address>0xa2bf</load_address>
         <run_address>0xa2bf</run_address>
         <size>0x2c1</size>
         <input_file_ref idref="fl-f"/>
      </object_component>
      <object_component id="oc-2bd">
         <name>.debug_info</name>
         <load_address>0xa580</load_address>
         <run_address>0xa580</run_address>
         <size>0x268</size>
         <input_file_ref idref="fl-f"/>
      </object_component>
      <object_component id="oc-2a9">
         <name>.debug_info</name>
         <load_address>0xa7e8</load_address>
         <run_address>0xa7e8</run_address>
         <size>0x21c</size>
         <input_file_ref idref="fl-10"/>
      </object_component>
      <object_component id="oc-1e9">
         <name>.debug_info</name>
         <load_address>0xaa04</load_address>
         <run_address>0xaa04</run_address>
         <size>0x242</size>
         <input_file_ref idref="fl-10"/>
      </object_component>
      <object_component id="oc-1ef">
         <name>.debug_info</name>
         <load_address>0xac46</load_address>
         <run_address>0xac46</run_address>
         <size>0x276</size>
         <input_file_ref idref="fl-10"/>
      </object_component>
      <object_component id="oc-1e3">
         <name>.debug_info</name>
         <load_address>0xaebc</load_address>
         <run_address>0xaebc</run_address>
         <size>0x3d9</size>
         <input_file_ref idref="fl-10"/>
      </object_component>
      <object_component id="oc-1f5">
         <name>.debug_info</name>
         <load_address>0xb295</load_address>
         <run_address>0xb295</run_address>
         <size>0x242</size>
         <input_file_ref idref="fl-10"/>
      </object_component>
      <object_component id="oc-fe">
         <name>.debug_info</name>
         <load_address>0xb4d7</load_address>
         <run_address>0xb4d7</run_address>
         <size>0x298</size>
         <input_file_ref idref="fl-11"/>
      </object_component>
      <object_component id="oc-29a">
         <name>.debug_info</name>
         <load_address>0xb76f</load_address>
         <run_address>0xb76f</run_address>
         <size>0x14d</size>
         <input_file_ref idref="fl-11"/>
      </object_component>
      <object_component id="oc-100">
         <name>.debug_info</name>
         <load_address>0xb8bc</load_address>
         <run_address>0xb8bc</run_address>
         <size>0x27d</size>
         <input_file_ref idref="fl-11"/>
      </object_component>
      <object_component id="oc-ce">
         <name>.debug_info</name>
         <load_address>0xbb39</load_address>
         <run_address>0xbb39</run_address>
         <size>0x2db</size>
         <input_file_ref idref="fl-11"/>
      </object_component>
      <object_component id="oc-1c8">
         <name>.debug_info</name>
         <load_address>0xbe14</load_address>
         <run_address>0xbe14</run_address>
         <size>0x2b5</size>
         <input_file_ref idref="fl-11"/>
      </object_component>
      <object_component id="oc-18f">
         <name>.debug_info</name>
         <load_address>0xc0c9</load_address>
         <run_address>0xc0c9</run_address>
         <size>0x5f</size>
         <input_file_ref idref="fl-11"/>
      </object_component>
      <object_component id="oc-1aa">
         <name>.debug_info</name>
         <load_address>0xc128</load_address>
         <run_address>0xc128</run_address>
         <size>0x19d</size>
         <input_file_ref idref="fl-12"/>
      </object_component>
      <object_component id="oc-113">
         <name>.debug_info</name>
         <load_address>0xc2c5</load_address>
         <run_address>0xc2c5</run_address>
         <size>0x261</size>
         <input_file_ref idref="fl-12"/>
      </object_component>
      <object_component id="oc-11f">
         <name>.debug_info</name>
         <load_address>0xc526</load_address>
         <run_address>0xc526</run_address>
         <size>0x277</size>
         <input_file_ref idref="fl-12"/>
      </object_component>
      <object_component id="oc-118">
         <name>.debug_info</name>
         <load_address>0xc79d</load_address>
         <run_address>0xc79d</run_address>
         <size>0x221</size>
         <input_file_ref idref="fl-12"/>
      </object_component>
      <object_component id="oc-27">
         <name>.debug_info</name>
         <load_address>0xc9be</load_address>
         <run_address>0xc9be</run_address>
         <size>0x161</size>
         <input_file_ref idref="fl-c9"/>
      </object_component>
      <object_component id="oc-3f">
         <name>.debug_info</name>
         <load_address>0xcb1f</load_address>
         <run_address>0xcb1f</run_address>
         <size>0x141</size>
         <input_file_ref idref="fl-ca"/>
      </object_component>
      <object_component id="oc-13">
         <name>.debug_info</name>
         <load_address>0xcc60</load_address>
         <run_address>0xcc60</run_address>
         <size>0x1e0</size>
         <input_file_ref idref="fl-ca"/>
      </object_component>
      <object_component id="oc-3a">
         <name>.debug_info</name>
         <load_address>0xce40</load_address>
         <run_address>0xce40</run_address>
         <size>0x46</size>
         <input_file_ref idref="fl-ca"/>
      </object_component>
      <object_component id="oc-84">
         <name>.debug_info</name>
         <load_address>0xce86</load_address>
         <run_address>0xce86</run_address>
         <size>0x2c</size>
         <input_file_ref idref="fl-ca"/>
      </object_component>
      <object_component id="oc-47">
         <name>.debug_info</name>
         <load_address>0xceb2</load_address>
         <run_address>0xceb2</run_address>
         <size>0x135</size>
         <input_file_ref idref="fl-cb"/>
      </object_component>
      <object_component id="oc-42">
         <name>.debug_info</name>
         <load_address>0xcfe7</load_address>
         <run_address>0xcfe7</run_address>
         <size>0x248</size>
         <input_file_ref idref="fl-cb"/>
      </object_component>
      <object_component id="oc-19">
         <name>.debug_info</name>
         <load_address>0xd22f</load_address>
         <run_address>0xd22f</run_address>
         <size>0x1b2</size>
         <input_file_ref idref="fl-cb"/>
      </object_component>
      <object_component id="oc-48">
         <name>.debug_info</name>
         <load_address>0xd3e1</load_address>
         <run_address>0xd3e1</run_address>
         <size>0x39</size>
         <input_file_ref idref="fl-cb"/>
      </object_component>
      <object_component id="oc-266">
         <name>.debug_info</name>
         <load_address>0xd41a</load_address>
         <run_address>0xd41a</run_address>
         <size>0x202</size>
         <input_file_ref idref="fl-cd"/>
      </object_component>
      <object_component id="oc-253">
         <name>.debug_info</name>
         <load_address>0xd61c</load_address>
         <run_address>0xd61c</run_address>
         <size>0x11e</size>
         <input_file_ref idref="fl-cd"/>
      </object_component>
      <object_component id="oc-14d">
         <name>.debug_info</name>
         <load_address>0xd73a</load_address>
         <run_address>0xd73a</run_address>
         <size>0xb76</size>
         <input_file_ref idref="fl-cd"/>
      </object_component>
      <object_component id="oc-237">
         <name>.debug_info</name>
         <load_address>0xe2b0</load_address>
         <run_address>0xe2b0</run_address>
         <size>0x39</size>
         <input_file_ref idref="fl-cd"/>
      </object_component>
      <object_component id="oc-2ce">
         <name>.debug_info</name>
         <load_address>0xe2e9</load_address>
         <run_address>0xe2e9</run_address>
         <size>0x14a</size>
         <input_file_ref idref="fl-ce"/>
      </object_component>
      <object_component id="oc-24c">
         <name>.debug_info</name>
         <load_address>0xe433</load_address>
         <run_address>0xe433</run_address>
         <size>0x241</size>
         <input_file_ref idref="fl-ce"/>
      </object_component>
      <object_component id="oc-250">
         <name>.debug_info</name>
         <load_address>0xe674</load_address>
         <run_address>0xe674</run_address>
         <size>0xf4</size>
         <input_file_ref idref="fl-cf"/>
      </object_component>
      <object_component id="oc-ba">
         <name>.debug_info</name>
         <load_address>0xe768</load_address>
         <run_address>0xe768</run_address>
         <size>0x235</size>
         <input_file_ref idref="fl-d0"/>
      </object_component>
      <object_component id="oc-b4">
         <name>.debug_info</name>
         <load_address>0xe99d</load_address>
         <run_address>0xe99d</run_address>
         <size>0x186</size>
         <input_file_ref idref="fl-d0"/>
      </object_component>
      <object_component id="oc-72">
         <name>.debug_info</name>
         <load_address>0xeb23</load_address>
         <run_address>0xeb23</run_address>
         <size>0x215</size>
         <input_file_ref idref="fl-d0"/>
      </object_component>
      <object_component id="oc-240">
         <name>.debug_info</name>
         <load_address>0xed38</load_address>
         <run_address>0xed38</run_address>
         <size>0x145</size>
         <input_file_ref idref="fl-d1"/>
      </object_component>
      <object_component id="oc-256">
         <name>.debug_info</name>
         <load_address>0xee7d</load_address>
         <run_address>0xee7d</run_address>
         <size>0x121</size>
         <input_file_ref idref="fl-d2"/>
      </object_component>
      <object_component id="oc-25b">
         <name>.debug_info</name>
         <load_address>0xef9e</load_address>
         <run_address>0xef9e</run_address>
         <size>0x123</size>
         <input_file_ref idref="fl-d2"/>
      </object_component>
      <object_component id="oc-247">
         <name>.debug_info</name>
         <load_address>0xf0c1</load_address>
         <run_address>0xf0c1</run_address>
         <size>0x133</size>
         <input_file_ref idref="fl-d3"/>
      </object_component>
      <object_component id="oc-154">
         <name>.debug_info</name>
         <load_address>0xf1f4</load_address>
         <run_address>0xf1f4</run_address>
         <size>0x133</size>
         <input_file_ref idref="fl-d4"/>
      </object_component>
      <object_component id="oc-15a">
         <name>.debug_info</name>
         <load_address>0xf327</load_address>
         <run_address>0xf327</run_address>
         <size>0x137</size>
         <input_file_ref idref="fl-d5"/>
      </object_component>
      <object_component id="oc-144">
         <name>.debug_info</name>
         <load_address>0xf45e</load_address>
         <run_address>0xf45e</run_address>
         <size>0x125</size>
         <input_file_ref idref="fl-d6"/>
      </object_component>
      <object_component id="oc-148">
         <name>.debug_info</name>
         <load_address>0xf583</load_address>
         <run_address>0xf583</run_address>
         <size>0x125</size>
         <input_file_ref idref="fl-d7"/>
      </object_component>
      <object_component id="oc-36">
         <name>.debug_info</name>
         <load_address>0xf6a8</load_address>
         <run_address>0xf6a8</run_address>
         <size>0x112</size>
         <input_file_ref idref="fl-d8"/>
      </object_component>
      <object_component id="oc-4f">
         <name>.debug_info</name>
         <load_address>0xf7ba</load_address>
         <run_address>0xf7ba</run_address>
         <size>0x140</size>
         <input_file_ref idref="fl-d9"/>
      </object_component>
      <object_component id="oc-5a">
         <name>.debug_info</name>
         <load_address>0xf8fa</load_address>
         <run_address>0xf8fa</run_address>
         <size>0x139</size>
         <input_file_ref idref="fl-da"/>
      </object_component>
      <object_component id="oc-61">
         <name>.debug_info</name>
         <load_address>0xfa33</load_address>
         <run_address>0xfa33</run_address>
         <size>0x149</size>
         <input_file_ref idref="fl-db"/>
      </object_component>
      <object_component id="oc-23c">
         <name>.debug_info</name>
         <load_address>0xfb7c</load_address>
         <run_address>0xfb7c</run_address>
         <size>0x177</size>
         <input_file_ref idref="fl-dc"/>
      </object_component>
      <object_component id="oc-13e">
         <name>.debug_info</name>
         <load_address>0xfcf3</load_address>
         <run_address>0xfcf3</run_address>
         <size>0x178</size>
         <input_file_ref idref="fl-dc"/>
      </object_component>
      <object_component id="oc-26b">
         <name>.debug_info</name>
         <load_address>0xfe6b</load_address>
         <run_address>0xfe6b</run_address>
         <size>0x17d</size>
         <input_file_ref idref="fl-dd"/>
      </object_component>
      <object_component id="oc-15d">
         <name>.debug_info</name>
         <load_address>0xffe8</load_address>
         <run_address>0xffe8</run_address>
         <size>0x17f</size>
         <input_file_ref idref="fl-dd"/>
      </object_component>
      <object_component id="oc-2e1">
         <name>.debug_info</name>
         <load_address>0x10167</load_address>
         <run_address>0x10167</run_address>
         <size>0x17d</size>
         <input_file_ref idref="fl-de"/>
      </object_component>
      <object_component id="oc-262">
         <name>.debug_info</name>
         <load_address>0x102e4</load_address>
         <run_address>0x102e4</run_address>
         <size>0x1d6</size>
         <input_file_ref idref="fl-de"/>
      </object_component>
      <object_component id="oc-2dc">
         <name>.debug_info</name>
         <load_address>0x104ba</load_address>
         <run_address>0x104ba</run_address>
         <size>0x2c</size>
         <input_file_ref idref="fl-de"/>
      </object_component>
      <object_component id="oc-78">
         <name>.debug_info</name>
         <load_address>0x104e6</load_address>
         <run_address>0x104e6</run_address>
         <size>0x10a</size>
         <input_file_ref idref="fl-df"/>
      </object_component>
      <object_component id="oc-292">
         <name>.debug_info</name>
         <load_address>0x105f0</load_address>
         <run_address>0x105f0</run_address>
         <size>0xeb</size>
         <input_file_ref idref="fl-e0"/>
      </object_component>
      <object_component id="oc-1b8">
         <name>.debug_info</name>
         <load_address>0x106db</load_address>
         <run_address>0x106db</run_address>
         <size>0x22b</size>
         <input_file_ref idref="fl-e0"/>
      </object_component>
      <object_component id="oc-294">
         <name>.debug_info</name>
         <load_address>0x10906</load_address>
         <run_address>0x10906</run_address>
         <size>0xf7</size>
         <input_file_ref idref="fl-e1"/>
      </object_component>
      <object_component id="oc-1bf">
         <name>.debug_info</name>
         <load_address>0x109fd</load_address>
         <run_address>0x109fd</run_address>
         <size>0x25a</size>
         <input_file_ref idref="fl-e1"/>
      </object_component>
      <object_component id="oc-f1">
         <name>.debug_info</name>
         <load_address>0x10c57</load_address>
         <run_address>0x10c57</run_address>
         <size>0x125</size>
         <input_file_ref idref="fl-e2"/>
      </object_component>
      <object_component id="oc-b7">
         <name>.debug_info</name>
         <load_address>0x10d7c</load_address>
         <run_address>0x10d7c</run_address>
         <size>0x114</size>
         <input_file_ref idref="fl-e2"/>
      </object_component>
      <object_component id="oc-ea">
         <name>.debug_info</name>
         <load_address>0x10e90</load_address>
         <run_address>0x10e90</run_address>
         <size>0x220</size>
         <input_file_ref idref="fl-e2"/>
      </object_component>
      <object_component id="oc-b2">
         <name>.debug_info</name>
         <load_address>0x110b0</load_address>
         <run_address>0x110b0</run_address>
         <size>0x167</size>
         <input_file_ref idref="fl-e3"/>
      </object_component>
      <object_component id="oc-6e">
         <name>.debug_info</name>
         <load_address>0x11217</load_address>
         <run_address>0x11217</run_address>
         <size>0x168</size>
         <input_file_ref idref="fl-e3"/>
      </object_component>
      <object_component id="oc-e2">
         <name>.debug_info</name>
         <load_address>0x1137f</load_address>
         <run_address>0x1137f</run_address>
         <size>0x5e</size>
         <input_file_ref idref="fl-e3"/>
      </object_component>
      <object_component id="oc-aa">
         <name>.debug_info</name>
         <load_address>0x113dd</load_address>
         <run_address>0x113dd</run_address>
         <size>0x2ea</size>
         <input_file_ref idref="fl-e4"/>
      </object_component>
      <object_component id="oc-68">
         <name>.debug_info</name>
         <load_address>0x116c7</load_address>
         <run_address>0x116c7</run_address>
         <size>0x191</size>
         <input_file_ref idref="fl-e4"/>
      </object_component>
      <object_component id="oc-c3">
         <name>.debug_info</name>
         <load_address>0x11858</load_address>
         <run_address>0x11858</run_address>
         <size>0x39</size>
         <input_file_ref idref="fl-e4"/>
      </object_component>
      <object_component id="oc-c8">
         <name>.debug_info</name>
         <load_address>0x11891</load_address>
         <run_address>0x11891</run_address>
         <size>0xcd</size>
         <input_file_ref idref="fl-e4"/>
      </object_component>
      <object_component id="oc-bf">
         <name>.debug_info</name>
         <load_address>0x1195e</load_address>
         <run_address>0x1195e</run_address>
         <size>0x1e1</size>
         <input_file_ref idref="fl-e5"/>
      </object_component>
      <object_component id="oc-9e">
         <name>.debug_info</name>
         <load_address>0x11b3f</load_address>
         <run_address>0x11b3f</run_address>
         <size>0x184</size>
         <input_file_ref idref="fl-e5"/>
      </object_component>
      <object_component id="oc-f7">
         <name>.debug_info</name>
         <load_address>0x11cc3</load_address>
         <run_address>0x11cc3</run_address>
         <size>0x2c</size>
         <input_file_ref idref="fl-e5"/>
      </object_component>
      <object_component id="oc-2d6">
         <name>.debug_info</name>
         <load_address>0x11cef</load_address>
         <run_address>0x11cef</run_address>
         <size>0x157</size>
         <input_file_ref idref="fl-e6"/>
      </object_component>
      <object_component id="oc-a4">
         <name>.debug_info</name>
         <load_address>0x11e46</load_address>
         <run_address>0x11e46</run_address>
         <size>0x146</size>
         <input_file_ref idref="fl-e7"/>
      </object_component>
      <object_component id="oc-32e">
         <name>.debug_info</name>
         <load_address>0x11f8c</load_address>
         <run_address>0x11f8c</run_address>
         <size>0x9a</size>
      </object_component>
      <object_component id="oc-2c8">
         <name>.debug_line</name>
         <load_address>0x0</load_address>
         <run_address>0x0</run_address>
         <size>0xe3</size>
         <input_file_ref idref="fl-2"/>
      </object_component>
      <object_component id="oc-271">
         <name>.debug_line</name>
         <load_address>0xe3</load_address>
         <run_address>0xe3</run_address>
         <size>0x33</size>
         <input_file_ref idref="fl-2"/>
      </object_component>
      <object_component id="oc-273">
         <name>.debug_line</name>
         <load_address>0x116</load_address>
         <run_address>0x116</run_address>
         <size>0x33</size>
         <input_file_ref idref="fl-2"/>
      </object_component>
      <object_component id="oc-275">
         <name>.debug_line</name>
         <load_address>0x149</load_address>
         <run_address>0x149</run_address>
         <size>0x33</size>
         <input_file_ref idref="fl-2"/>
      </object_component>
      <object_component id="oc-277">
         <name>.debug_line</name>
         <load_address>0x17c</load_address>
         <run_address>0x17c</run_address>
         <size>0x33</size>
         <input_file_ref idref="fl-2"/>
      </object_component>
      <object_component id="oc-279">
         <name>.debug_line</name>
         <load_address>0x1af</load_address>
         <run_address>0x1af</run_address>
         <size>0x33</size>
         <input_file_ref idref="fl-2"/>
      </object_component>
      <object_component id="oc-27b">
         <name>.debug_line</name>
         <load_address>0x1e2</load_address>
         <run_address>0x1e2</run_address>
         <size>0x33</size>
         <input_file_ref idref="fl-2"/>
      </object_component>
      <object_component id="oc-27d">
         <name>.debug_line</name>
         <load_address>0x215</load_address>
         <run_address>0x215</run_address>
         <size>0x33</size>
         <input_file_ref idref="fl-2"/>
      </object_component>
      <object_component id="oc-285">
         <name>.debug_line</name>
         <load_address>0x248</load_address>
         <run_address>0x248</run_address>
         <size>0x33</size>
         <input_file_ref idref="fl-2"/>
      </object_component>
      <object_component id="oc-27f">
         <name>.debug_line</name>
         <load_address>0x27b</load_address>
         <run_address>0x27b</run_address>
         <size>0x33</size>
         <input_file_ref idref="fl-2"/>
      </object_component>
      <object_component id="oc-281">
         <name>.debug_line</name>
         <load_address>0x2ae</load_address>
         <run_address>0x2ae</run_address>
         <size>0x33</size>
         <input_file_ref idref="fl-2"/>
      </object_component>
      <object_component id="oc-283">
         <name>.debug_line</name>
         <load_address>0x2e1</load_address>
         <run_address>0x2e1</run_address>
         <size>0x33</size>
         <input_file_ref idref="fl-2"/>
      </object_component>
      <object_component id="oc-230">
         <name>.debug_line</name>
         <load_address>0x314</load_address>
         <run_address>0x314</run_address>
         <size>0x33</size>
         <input_file_ref idref="fl-2"/>
      </object_component>
      <object_component id="oc-233">
         <name>.debug_line</name>
         <load_address>0x347</load_address>
         <run_address>0x347</run_address>
         <size>0x33</size>
         <input_file_ref idref="fl-2"/>
      </object_component>
      <object_component id="oc-235">
         <name>.debug_line</name>
         <load_address>0x37a</load_address>
         <run_address>0x37a</run_address>
         <size>0x33</size>
         <input_file_ref idref="fl-2"/>
      </object_component>
      <object_component id="oc-26d">
         <name>.debug_line</name>
         <load_address>0x3ad</load_address>
         <run_address>0x3ad</run_address>
         <size>0x33</size>
         <input_file_ref idref="fl-2"/>
      </object_component>
      <object_component id="oc-26f">
         <name>.debug_line</name>
         <load_address>0x3e0</load_address>
         <run_address>0x3e0</run_address>
         <size>0x33</size>
         <input_file_ref idref="fl-2"/>
      </object_component>
      <object_component id="oc-de">
         <name>.debug_line</name>
         <load_address>0x413</load_address>
         <run_address>0x413</run_address>
         <size>0x228</size>
         <input_file_ref idref="fl-2"/>
      </object_component>
      <object_component id="oc-8e">
         <name>.debug_line</name>
         <load_address>0x63b</load_address>
         <run_address>0x63b</run_address>
         <size>0x20</size>
         <input_file_ref idref="fl-2"/>
      </object_component>
      <object_component id="oc-81">
         <name>.debug_line</name>
         <load_address>0x65b</load_address>
         <run_address>0x65b</run_address>
         <size>0x5f</size>
         <input_file_ref idref="fl-2"/>
      </object_component>
      <object_component id="oc-96">
         <name>.debug_line</name>
         <load_address>0x6ba</load_address>
         <run_address>0x6ba</run_address>
         <size>0x5f</size>
         <input_file_ref idref="fl-2"/>
      </object_component>
      <object_component id="oc-2b2">
         <name>.debug_line</name>
         <load_address>0x719</load_address>
         <run_address>0x719</run_address>
         <size>0x13f</size>
         <input_file_ref idref="fl-3"/>
      </object_component>
      <object_component id="oc-29e">
         <name>.debug_line</name>
         <load_address>0x858</load_address>
         <run_address>0x858</run_address>
         <size>0x4f</size>
         <input_file_ref idref="fl-3"/>
      </object_component>
      <object_component id="oc-2a0">
         <name>.debug_line</name>
         <load_address>0x8a7</load_address>
         <run_address>0x8a7</run_address>
         <size>0x4f</size>
         <input_file_ref idref="fl-3"/>
      </object_component>
      <object_component id="oc-2a2">
         <name>.debug_line</name>
         <load_address>0x8f6</load_address>
         <run_address>0x8f6</run_address>
         <size>0x4f</size>
         <input_file_ref idref="fl-3"/>
      </object_component>
      <object_component id="oc-298">
         <name>.debug_line</name>
         <load_address>0x945</load_address>
         <run_address>0x945</run_address>
         <size>0x4d</size>
         <input_file_ref idref="fl-3"/>
      </object_component>
      <object_component id="oc-296">
         <name>.debug_line</name>
         <load_address>0x992</load_address>
         <run_address>0x992</run_address>
         <size>0x7e</size>
         <input_file_ref idref="fl-3"/>
      </object_component>
      <object_component id="oc-2ae">
         <name>.debug_line</name>
         <load_address>0xa10</load_address>
         <run_address>0xa10</run_address>
         <size>0x51</size>
         <input_file_ref idref="fl-3"/>
      </object_component>
      <object_component id="oc-2b0">
         <name>.debug_line</name>
         <load_address>0xa61</load_address>
         <run_address>0xa61</run_address>
         <size>0x38</size>
         <input_file_ref idref="fl-3"/>
      </object_component>
      <object_component id="oc-12c">
         <name>.debug_line</name>
         <load_address>0xa99</load_address>
         <run_address>0xa99</run_address>
         <size>0xb78</size>
         <input_file_ref idref="fl-3"/>
      </object_component>
      <object_component id="oc-205">
         <name>.debug_line</name>
         <load_address>0x1611</load_address>
         <run_address>0x1611</run_address>
         <size>0x4d</size>
         <input_file_ref idref="fl-3"/>
      </object_component>
      <object_component id="oc-197">
         <name>.debug_line</name>
         <load_address>0x165e</load_address>
         <run_address>0x165e</run_address>
         <size>0x20</size>
         <input_file_ref idref="fl-3"/>
      </object_component>
      <object_component id="oc-b0">
         <name>.debug_line</name>
         <load_address>0x167e</load_address>
         <run_address>0x167e</run_address>
         <size>0x44</size>
         <input_file_ref idref="fl-4"/>
      </object_component>
      <object_component id="oc-2c6">
         <name>.debug_line</name>
         <load_address>0x16c2</load_address>
         <run_address>0x16c2</run_address>
         <size>0x2d</size>
         <input_file_ref idref="fl-5"/>
      </object_component>
      <object_component id="oc-12f">
         <name>.debug_line</name>
         <load_address>0x16ef</load_address>
[...]
         <object_component_ref idref="oc-127"/>
      </symbol>
      <symbol id="sm-252">
         <name>uiDisplayDrawFrame</name>
         <value>0x7a9</value>
         <object_component_ref idref="oc-127"/>
      </symbol>
      <symbol id="sm-253">
         <name>UC1701AllPixelOnEnable</name>
         <value>0x155d</value>
         <object_component_ref idref="oc-127"/>
      </symbol>
      <symbol id="sm-254">
         <name>uiDisplayShowFloat</name>
         <value>0xeb1</value>
         <object_component_ref idref="oc-127"/>
      </symbol>
      <symbol id="sm-255">
         <name>uiDisplayClear</name>
         <value>0x3d1</value>
         <object_component_ref idref="oc-127"/>
      </symbol>
      <symbol id="sm-256">
         <name>uiDisplayShowString</name>
         <value>0xdc7</value>
         <object_component_ref idref="oc-127"/>
      </symbol>
      <symbol id="sm-257">
         <name>UC1701CmdWrite</name>
         <value>0x1097</value>
         <object_component_ref idref="oc-127"/>
      </symbol>
      <symbol id="sm-258">
         <name>UC1701DisplayOn</name>
         <value>0x1571</value>
         <object_component_ref idref="oc-127"/>
      </symbol>
      <symbol id="sm-259">
         <name>uiDisplayDrawCircle</name>
         <value>0xb49</value>
         <object_component_ref idref="oc-127"/>
      </symbol>
      <symbol id="sm-25a">
         <name>asc2_2412</name>
         <value>0x4070</value>
         <object_component_ref idref="oc-1d3"/>
      </symbol>
      <symbol id="sm-25b">
         <name>UC1701ChineseDispaly</name>
         <value>0x1365</value>
         <object_component_ref idref="oc-127"/>
      </symbol>
      <symbol id="sm-25c">
         <name>UC1701InverseDisable</name>
         <value>0x1555</value>
         <object_component_ref idref="oc-127"/>
      </symbol>
      <symbol id="sm-25d">
         <name>UC1701DisplayN</name>
         <value>0x144d</value>
         <object_component_ref idref="oc-127"/>
      </symbol>
      <symbol id="sm-25e">
         <name>Float2Str</name>
         <value>0x15eb</value>
         <object_component_ref idref="oc-127"/>
      </symbol>
      <symbol id="sm-25f">
         <name>UC1701BRSet</name>
         <value>0x15af</value>
         <object_component_ref idref="oc-127"/>
      </symbol>
      <symbol id="sm-260">
         <name>UC1701ComDirSet</name>
         <value>0x15d7</value>
         <object_component_ref idref="oc-127"/>
      </symbol>
      <symbol id="sm-261">
         <name>uiDataDisplayersRefresh</name>
         <value>0x3a5</value>
         <object_component_ref idref="oc-127"/>
      </symbol>
      <symbol id="sm-262">
         <name>screen_harmonic</name>
         <value>0x1aeb</value>
         <object_component_ref idref="oc-127"/>
      </symbol>
      <symbol id="sm-263">
         <name>UC1701InverseEnable</name>
         <value>0x154d</value>
         <object_component_ref idref="oc-127"/>
      </symbol>
      <symbol id="sm-264">
         <name>inverse_factor</name>
         <value>0x20000ce8</value>
         <object_component_ref idref="oc-1c1"/>
      </symbol>
      <symbol id="sm-265">
         <name>uiDisplayShowChar</name>
         <value>0xc9f</value>
         <object_component_ref idref="oc-127"/>
      </symbol>
      <symbol id="sm-266">
         <name>UC1701AllPixelOnDisable</name>
         <value>0x1567</value>
         <object_component_ref idref="oc-127"/>
      </symbol>
      <symbol id="sm-267">
         <name>Ascii</name>
         <value>0x4dcc</value>
         <object_component_ref idref="oc-1fa"/>
      </symbol>
      <symbol id="sm-268">
         <name>UC1701CharDispaly</name>
         <value>0x1311</value>
         <object_component_ref idref="oc-127"/>
      </symbol>
      <symbol id="sm-269">
         <name>asc2_1206</name>
         <value>0x59ac</value>
         <object_component_ref idref="oc-1cd"/>
      </symbol>
      <symbol id="sm-26a">
         <name>uiDataDisplayerInit</name>
         <value>0x26d</value>
         <object_component_ref idref="oc-127"/>
      </symbol>
      <symbol id="sm-277">
         <name>main</name>
         <value>0x3f21</value>
         <object_component_ref idref="oc-ab"/>
      </symbol>
      <symbol id="sm-2a7">
         <name>page</name>
         <value>0x20000d04</value>
         <object_component_ref idref="oc-22b"/>
      </symbol>
      <symbol id="sm-2a8">
         <name>Key1IntHandler</name>
         <value>0x2a59</value>
         <object_component_ref idref="oc-12d"/>
      </symbol>
      <symbol id="sm-2a9">
         <name>Key2IntHandler</name>
         <value>0x2ab1</value>
         <object_component_ref idref="oc-12d"/>
      </symbol>
      <symbol id="sm-2aa">
         <name>Key3IntHandler</name>
         <value>0x2aef</value>
         <object_component_ref idref="oc-12d"/>
      </symbol>
      <symbol id="sm-2ab">
         <name>key</name>
         <value>0x2c09</value>
         <object_component_ref idref="oc-12d"/>
      </symbol>
      <symbol id="sm-2ac">
         <name>KeyConfigure</name>
         <value>0x2b25</value>
         <object_component_ref idref="oc-12d"/>
      </symbol>
      <symbol id="sm-2ce">
         <name>D3_Counter</name>
         <value>0x20000cf4</value>
         <object_component_ref idref="oc-123"/>
      </symbol>
      <symbol id="sm-2cf">
         <name>LEDIntHandler</name>
         <value>0x364b</value>
         <object_component_ref idref="oc-d3"/>
      </symbol>
      <symbol id="sm-2d0">
         <name>D4_Counter</name>
         <value>0x20000cf0</value>
         <object_component_ref idref="oc-123"/>
      </symbol>
      <symbol id="sm-2d1">
         <name>LEDFlash</name>
         <value>0x36cb</value>
         <object_component_ref idref="oc-d3"/>
      </symbol>
      <symbol id="sm-2d2">
         <name>LED</name>
         <value>0x3629</value>
         <object_component_ref idref="oc-d3"/>
      </symbol>
      <symbol id="sm-2d3">
         <name>flag</name>
         <value>0x20000cf8</value>
         <object_component_ref idref="oc-123"/>
      </symbol>
      <symbol id="sm-2ef">
         <name>ResetISR</name>
         <value>0x402d</value>
         <object_component_ref idref="oc-2b"/>
      </symbol>
      <symbol id="sm-2f0">
         <name>g_pfnVectors</name>
         <value>0x0</value>
         <object_component_ref idref="oc-f"/>
      </symbol>
      <symbol id="sm-382">
         <name>GPIOIntRegister</name>
         <value>0x3f39</value>
         <object_component_ref idref="oc-219"/>
      </symbol>
      <symbol id="sm-383">
         <name>GPIOPinConfigure</name>
         <value>0x3d15</value>
         <object_component_ref idref="oc-1d6"/>
      </symbol>
      <symbol id="sm-384">
         <name>GPIOIntEnable</name>
         <value>0x4021</value>
         <object_component_ref idref="oc-225"/>
      </symbol>
      <symbol id="sm-385">
         <name>GPIOIntTypeSet</name>
         <value>0x3bc9</value>
         <object_component_ref idref="oc-21f"/>
      </symbol>
      <symbol id="sm-386">
         <name>GPIOPinTypeGPIOInput</name>
         <value>0x3fd1</value>
         <object_component_ref idref="oc-213"/>
      </symbol>
      <symbol id="sm-387">
         <name>GPIOIntClear</name>
         <value>0x4055</value>
         <object_component_ref idref="oc-20d"/>
      </symbol>
      <symbol id="sm-388">
         <name>GPIOIntStatus</name>
         <value>0x4005</value>
         <object_component_ref idref="oc-207"/>
      </symbol>
      <symbol id="sm-389">
         <name>GPIOPinTypeGPIOOutput</name>
         <value>0x3f51</value>
         <object_component_ref idref="oc-105"/>
      </symbol>
      <symbol id="sm-38a">
         <name>GPIODirModeSet</name>
         <value>0x3edb</value>
         <object_component_ref idref="oc-1a0"/>
      </symbol>
      <symbol id="sm-38b">
         <name>GPIOPinWrite</name>
         <value>0x405b</value>
         <object_component_ref idref="oc-10b"/>
      </symbol>
      <symbol id="sm-38c">
         <name>GPIOPadConfigSet</name>
         <value>0x30fb</value>
         <object_component_ref idref="oc-19a"/>
      </symbol>
      <symbol id="sm-38d">
         <name>GPIOPinTypeSSI</name>
         <value>0x3fe3</value>
         <object_component_ref idref="oc-1dc"/>
      </symbol>
      <symbol id="sm-3c6">
         <name>IntEnable</name>
         <value>0x3b61</value>
         <object_component_ref idref="oc-2bc"/>
      </symbol>
      <symbol id="sm-3c7">
         <name>IntRegister</name>
         <value>0x3e15</value>
         <object_component_ref idref="oc-1ac"/>
      </symbol>
      <symbol id="sm-3c8">
         <name>g_pfnRAMVectors</name>
         <value>0x20000000</value>
         <object_component_ref idref="oc-28c"/>
      </symbol>
      <symbol id="sm-3ef">
         <name>SSIDataPut</name>
         <value>0x4039</value>
         <object_component_ref idref="oc-1ee"/>
      </symbol>
      <symbol id="sm-3f0">
         <name>SSIConfigSetExpClk</name>
         <value>0x3da1</value>
         <object_component_ref idref="oc-1e2"/>
      </symbol>
      <symbol id="sm-3f1">
         <name>SSIEnable</name>
         <value>0x4043</value>
         <object_component_ref idref="oc-1e8"/>
      </symbol>
      <symbol id="sm-3f2">
         <name>SSIBusy</name>
         <value>0x404d</value>
         <object_component_ref idref="oc-1f4"/>
      </symbol>
      <symbol id="sm-444">
         <name>SysCtlClockSet</name>
         <value>0x3535</value>
         <object_component_ref idref="oc-cd"/>
      </symbol>
      <symbol id="sm-445">
         <name>SysCtlDelay</name>
         <value>0x4061</value>
         <object_component_ref idref="oc-fc"/>
      </symbol>
      <symbol id="sm-446">
         <name>SysCtlPeripheralEnable</name>
         <value>0x3e49</value>
         <object_component_ref idref="oc-ff"/>
      </symbol>
      <symbol id="sm-447">
         <name>SysCtlClockGet</name>
         <value>0x322d</value>
         <object_component_ref idref="oc-1c7"/>
      </symbol>
      <symbol id="sm-46a">
         <name>SysTickEnable</name>
         <value>0x3f81</value>
         <object_component_ref idref="oc-117"/>
      </symbol>
      <symbol id="sm-46b">
         <name>SysTickIntRegister</name>
         <value>0x3f05</value>
         <object_component_ref idref="oc-11d"/>
      </symbol>
      <symbol id="sm-46c">
         <name>SysTickPeriodSet</name>
         <value>0x3ff5</value>
         <object_component_ref idref="oc-111"/>
      </symbol>
      <symbol id="sm-47e">
         <name>_c_int00</name>
         <value>0x3c21</value>
         <object_component_ref idref="oc-24"/>
      </symbol>
      <symbol id="sm-47f">
         <name>__stack</name>
         <value>0x20000d10</value>
         <object_component_ref idref="oc-2a"/>
      </symbol>
      <symbol id="sm-496">
         <name>__TI_decompress_none</name>
         <value>0x4013</value>
         <object_component_ref idref="oc-12"/>
      </symbol>
      <symbol id="sm-4b9">
         <name>__TI_decompress_rle24</name>
         <value>0x4067</value>
         <object_component_ref idref="oc-18"/>
      </symbol>
      <symbol id="sm-549">
         <name>pow</name>
         <value>0x1b6d</value>
         <object_component_ref idref="oc-14c"/>
      </symbol>
      <symbol id="sm-54a">
         <name>powl</name>
         <value>0x1b6d</value>
         <object_component_ref idref="oc-14c"/>
      </symbol>
      <symbol id="sm-56e">
         <name>sqrtl</name>
         <value>0x2e55</value>
         <object_component_ref idref="oc-249"/>
      </symbol>
      <symbol id="sm-56f">
         <name>sqrt</name>
         <value>0x2e55</value>
         <object_component_ref idref="oc-249"/>
      </symbol>
      <symbol id="sm-577">
         <name>errno</name>
         <value>0x20000d08</value>
         <object_component_ref idref="oc-24f"/>
      </symbol>
      <symbol id="sm-598">
         <name>C$$EXIT</name>
         <value>0x3c75</value>
         <object_component_ref idref="oc-71"/>
      </symbol>
      <symbol id="sm-599">
         <name>abort</name>
         <value>0x3c79</value>
         <object_component_ref idref="oc-71"/>
      </symbol>
      <symbol id="sm-59a">
         <name>exit</name>
         <value>0x3c81</value>
         <object_component_ref idref="oc-71"/>
      </symbol>
      <symbol id="sm-59b">
         <name>__TI_dtors_ptr</name>
         <value>0x20000cd0</value>
         <object_component_ref idref="oc-b3"/>
      </symbol>
      <symbol id="sm-59c">
         <name>__TI_cleanup_ptr</name>
         <value>0x20000ccc</value>
         <object_component_ref idref="oc-b3"/>
      </symbol>
      <symbol id="sm-59d">
         <name>__TI_enable_exit_profile_output</name>
         <value>0x20000cd4</value>
         <object_component_ref idref="oc-b3"/>
      </symbol>
      <symbol id="sm-5b4">
         <name>__aeabi_dsub</name>
         <value>0x2c9d</value>
         <object_component_ref idref="oc-23f"/>
      </symbol>
      <symbol id="sm-5b5">
         <name>__aeabi_dadd</name>
         <value>0x2ca7</value>
         <object_component_ref idref="oc-23f"/>
      </symbol>
      <symbol id="sm-5d7">
         <name>__aeabi_cdcmpeq</name>
         <value>0x37a1</value>
         <object_component_ref idref="oc-255"/>
      </symbol>
      <symbol id="sm-5d8">
         <name>__aeabi_cdcmple</name>
         <value>0x37a1</value>
         <object_component_ref idref="oc-255"/>
      </symbol>
      <symbol id="sm-5d9">
         <name>__aeabi_cdrcmple</name>
         <value>0x3827</value>
         <object_component_ref idref="oc-25a"/>
      </symbol>
      <symbol id="sm-5ed">
         <name>__aeabi_ddiv</name>
         <value>0x2fc5</value>
         <object_component_ref idref="oc-244"/>
      </symbol>
      <symbol id="sm-5f8">
         <name>__aeabi_dmul</name>
         <value>0x333d</value>
         <object_component_ref idref="oc-152"/>
      </symbol>
      <symbol id="sm-604">
         <name>__aeabi_d2f</name>
         <value>0x3a19</value>
         <object_component_ref idref="oc-157"/>
      </symbol>
      <symbol id="sm-60f">
         <name>__aeabi_f2d</name>
         <value>0x3ddd</value>
         <object_component_ref idref="oc-142"/>
      </symbol>
      <symbol id="sm-619">
         <name>__aeabi_i2d</name>
         <value>0x3ead</value>
         <object_component_ref idref="oc-147"/>
      </symbol>
      <symbol id="sm-634">
         <name>memcpy</name>
         <value>0x3705</value>
         <object_component_ref idref="oc-34"/>
      </symbol>
      <symbol id="sm-635">
         <name>__aeabi_memcpy</name>
         <value>0x3705</value>
         <object_component_ref idref="oc-34"/>
      </symbol>
      <symbol id="sm-636">
         <name>__aeabi_memcpy8</name>
         <value>0x3705</value>
         <object_component_ref idref="oc-34"/>
      </symbol>
      <symbol id="sm-637">
         <name>__aeabi_memcpy4</name>
         <value>0x3705</value>
         <object_component_ref idref="oc-34"/>
      </symbol>
      <symbol id="sm-646">
         <name>__aeabi_memset</name>
         <value>0x392f</value>
         <object_component_ref idref="oc-4d"/>
      </symbol>
      <symbol id="sm-647">
         <name>memset</name>
         <value>0x3935</value>
         <object_component_ref idref="oc-4d"/>
      </symbol>
      <symbol id="sm-648">
         <name>__aeabi_memset8</name>
         <value>0x392f</value>
         <object_component_ref idref="oc-4d"/>
      </symbol>
      <symbol id="sm-649">
         <name>__aeabi_memset4</name>
         <value>0x392f</value>
         <object_component_ref idref="oc-4d"/>
      </symbol>
      <symbol id="sm-64a">
         <name>__aeabi_memclr8</name>
         <value>0x392d</value>
         <object_component_ref idref="oc-4d"/>
      </symbol>
      <symbol id="sm-64b">
         <name>__aeabi_memclr4</name>
         <value>0x392d</value>
         <object_component_ref idref="oc-4d"/>
      </symbol>
      <symbol id="sm-64c">
         <name>__aeabi_memclr</name>
         <value>0x392d</value>
         <object_component_ref idref="oc-4d"/>
      </symbol>
      <symbol id="sm-656">
         <name>__mpu_init</name>
         <value>0x2e53</value>
         <object_component_ref idref="oc-59"/>
      </symbol>
      <symbol id="sm-660">
         <name>_system_pre_init</name>
         <value>0x406d</value>
         <object_component_ref idref="oc-5f"/>
      </symbol>
      <symbol id="sm-678">
         <name>floorf</name>
         <value>0x38ad</value>
         <object_component_ref idref="oc-13c"/>
      </symbol>
      <symbol id="sm-687">
         <name>roundf</name>
         <value>0x3a87</value>
         <object_component_ref idref="oc-15c"/>
      </symbol>
      <symbol id="sm-6a9">
         <name>scalbn</name>
         <value>0x3439</value>
         <object_component_ref idref="oc-25f"/>
      </symbol>
      <symbol id="sm-6aa">
         <name>scalbnl</name>
         <value>0x3439</value>
         <object_component_ref idref="oc-25f"/>
      </symbol>
      <symbol id="sm-6ab">
         <name>ldexpl</name>
         <value>0x3439</value>
         <object_component_ref idref="oc-25f"/>
      </symbol>
      <symbol id="sm-6ac">
         <name>ldexp</name>
         <value>0x3439</value>
         <object_component_ref idref="oc-25f"/>
      </symbol>
      <symbol id="sm-6b4">
         <name>main_func_sp</name>
         <value>0x20000d0c</value>
         <object_component_ref idref="oc-77"/>
      </symbol>
      <symbol id="sm-6c2">
         <name>strlen</name>
         <value>0x3fbd</value>
         <object_component_ref idref="oc-1b5"/>
      </symbol>
      <symbol id="sm-6d2">
         <name>strncpy</name>
         <value>0x3e7d</value>
         <object_component_ref idref="oc-1bb"/>
      </symbol>
      <symbol id="sm-6eb">
         <name>_nop</name>
         <value>0x3fa3</value>
         <object_component_ref idref="oc-e9"/>
      </symbol>
      <symbol id="sm-6ec">
         <name>_lock</name>
         <value>0x20000cfc</value>
         <object_component_ref idref="oc-b6"/>
      </symbol>
      <symbol id="sm-6ed">
         <name>_unlock</name>
         <value>0x20000d00</value>
         <object_component_ref idref="oc-b6"/>
      </symbol>
      <symbol id="sm-6ee">
         <name>_register_lock</name>
         <value>0x3f9b</value>
         <object_component_ref idref="oc-e9"/>
      </symbol>
      <symbol id="sm-6ef">
         <name>_register_unlock</name>
         <value>0x3f95</value>
         <object_component_ref idref="oc-e9"/>
      </symbol>
      <symbol id="sm-703">
         <name>_args_main</name>
         <value>0x3f69</value>
         <object_component_ref idref="oc-6b"/>
      </symbol>
      <symbol id="sm-728">
         <name>__TI_auto_init</name>
         <value>0x39a9</value>
         <object_component_ref idref="oc-65"/>
      </symbol>
      <symbol id="sm-742">
         <name>copy_in</name>
         <value>0x3cc9</value>
         <object_component_ref idref="oc-9d"/>
      </symbol>
      <symbol id="sm-74c">
         <name>copysign</name>
         <value>0x3fa9</value>
         <object_component_ref idref="oc-2d5"/>
      </symbol>
      <symbol id="sm-74d">
         <name>copysignl</name>
         <value>0x3fa9</value>
         <object_component_ref idref="oc-2d5"/>
      </symbol>
      <symbol id="sm-757">
         <name>_system_post_cinit</name>
         <value>0x39a7</value>
         <object_component_ref idref="oc-a3"/>
      </symbol>
      <symbol id="sm-758">
         <name>__TI_static_base__</name>
         <value>0x0</value>
      </symbol>
      <symbol id="sm-75b">
         <name>SHT$$INIT_ARRAY$$Limit</name>
         <value>0x0</value>
      </symbol>
      <symbol id="sm-75c">
         <name>SHT$$INIT_ARRAY$$Base</name>
         <value>0x0</value>
      </symbol>
   </symbol_table>
   <title>Link successful</title>
</link_info>
